[fair_bench] output_root=/its/home/mm2350/extra/Olympusv2/benchmarks/benchmark_fairness/data
[fair_bench] benchmark=fairness_two_flow_join20_final20 duration=60s flow1_start=0s flow2_start=20s score_window=20s
[fair_bench] bw_grid=20,40,60,80,100
[fair_bench] rtt_grid=20,30,40,50,60,70
[fair_bench] runs_per_cell=4 n_parallel=20
[fair_bench] approaches_to_run=cubic, bbr, bbr1, frcc
[fair_bench] slot=0 cubic bw=20 rtt=20 run=1 -C cubic
[fair_bench] slot=1 cubic bw=20 rtt=20 run=2 -C cubic
[fair_bench] slot=2 cubic bw=20 rtt=20 run=3 -C cubic
[fair_bench] slot=3 cubic bw=20 rtt=20 run=4 -C cubic
[fair_bench] slot=4 cubic bw=40 rtt=20 run=1 -C cubic
[fair_bench] slot=5 cubic bw=40 rtt=20 run=2 -C cubic
[fair_bench] slot=6 cubic bw=40 rtt=20 run=3 -C cubic
[fair_bench] slot=7 cubic bw=40 rtt=20 run=4 -C cubic
[fair_bench] slot=8 cubic bw=60 rtt=20 run=1 -C cubic
[fair_bench] slot=9 cubic bw=60 rtt=20 run=2 -C cubic
[fair_bench] slot=10 cubic bw=60 rtt=20 run=3 -C cubic
[fair_bench] slot=11 cubic bw=60 rtt=20 run=4 -C cubic
[fair_bench] slot=12 cubic bw=80 rtt=20 run=1 -C cubic
[fair_bench] slot=13 cubic bw=80 rtt=20 run=2 -C cubic
[fair_bench] slot=14 cubic bw=80 rtt=20 run=3 -C cubic
[fair_bench] slot=15 cubic bw=80 rtt=20 run=4 -C cubic
[fair_bench] slot=16 cubic bw=100 rtt=20 run=1 -C cubic
[fair_bench] slot=17 cubic bw=100 rtt=20 run=2 -C cubic
[fair_bench] slot=18 cubic bw=100 rtt=20 run=3 -C cubic
[fair_bench] slot=19 cubic bw=100 rtt=20 run=4 -C cubic
[fair_bench] slot=1 cubic bw=20 rtt=30 run=1 -C cubic
[fair_bench] cubic cell=1 bw=20 rtt=20 run=2/4 done (1/120)
[fair_bench] slot=3 cubic bw=20 rtt=30 run=2 -C cubic
[fair_bench] cubic cell=1 bw=20 rtt=20 run=4/4 done (2/120)
[fair_bench] slot=0 cubic bw=20 rtt=30 run=3 -C cubic
[fair_bench] cubic cell=1 bw=20 rtt=20 run=1/4 done (3/120)
[fair_bench] slot=7 cubic bw=20 rtt=30 run=4 -C cubic
[fair_bench] cubic cell=2 bw=40 rtt=20 run=4/4 done (4/120)
[fair_bench] slot=19 cubic bw=40 rtt=30 run=1 -C cubic
[fair_bench] cubic cell=5 bw=100 rtt=20 run=4/4 done (5/120)
[fair_bench] slot=4 cubic bw=40 rtt=30 run=2 -C cubic
[fair_bench] cubic cell=2 bw=40 rtt=20 run=1/4 done (6/120)
[fair_bench] slot=6 cubic bw=40 rtt=30 run=3 -C cubic
[fair_bench] cubic cell=2 bw=40 rtt=20 run=3/4 done (7/120)
[fair_bench] slot=2 cubic bw=40 rtt=30 run=4 -C cubic
[fair_bench] cubic cell=1 bw=20 rtt=20 run=3/4 done (8/120)
[fair_bench] slot=11 cubic bw=60 rtt=30 run=1 -C cubic
[fair_bench] cubic cell=3 bw=60 rtt=20 run=4/4 done (9/120)
[fair_bench] slot=17 cubic bw=60 rtt=30 run=2 -C cubic
[fair_bench] cubic cell=5 bw=100 rtt=20 run=2/4 done (10/120)
[fair_bench] slot=5 cubic bw=60 rtt=30 run=3 -C cubic
[fair_bench] cubic cell=2 bw=40 rtt=20 run=2/4 done (11/120)
[fair_bench] slot=15 cubic bw=60 rtt=30 run=4 -C cubic
[fair_bench] cubic cell=4 bw=80 rtt=20 run=4/4 done (12/120)
[fair_bench] slot=13 cubic bw=80 rtt=30 run=1 -C cubic
[fair_bench] cubic cell=4 bw=80 rtt=20 run=2/4 done (13/120)
[fair_bench] slot=9 cubic bw=80 rtt=30 run=2 -C cubic
[fair_bench] cubic cell=3 bw=60 rtt=20 run=2/4 done (14/120)
[fair_bench] slot=12 cubic bw=80 rtt=30 run=3 -C cubic
[fair_bench] cubic cell=4 bw=80 rtt=20 run=1/4 done (15/120)
[fair_bench] slot=10 cubic bw=80 rtt=30 run=4 -C cubic
[fair_bench] cubic cell=3 bw=60 rtt=20 run=3/4 done (16/120)
[fair_bench] slot=14 cubic bw=100 rtt=30 run=1 -C cubic
[fair_bench] cubic cell=4 bw=80 rtt=20 run=3/4 done (17/120)
[fair_bench] slot=8 cubic bw=100 rtt=30 run=2 -C cubic
[fair_bench] cubic cell=3 bw=60 rtt=20 run=1/4 done (18/120)
[fair_bench] slot=18 cubic bw=100 rtt=30 run=3 -C cubic
[fair_bench] cubic cell=5 bw=100 rtt=20 run=3/4 done (19/120)
[fair_bench] slot=16 cubic bw=100 rtt=30 run=4 -C cubic
[fair_bench] cubic cell=5 bw=100 rtt=20 run=1/4 done (20/120)
[fair_bench] slot=0 cubic bw=20 rtt=40 run=1 -C cubic
[fair_bench] cubic cell=6 bw=20 rtt=30 run=3/4 done (21/120)
[fair_bench] slot=19 cubic bw=20 rtt=40 run=2 -C cubic
[fair_bench] cubic cell=7 bw=40 rtt=30 run=1/4 done (22/120)
[fair_bench] slot=7 cubic bw=20 rtt=40 run=3 -C cubic
[fair_bench] cubic cell=6 bw=20 rtt=30 run=4/4 done (23/120)
[fair_bench] slot=3 cubic bw=20 rtt=40 run=4 -C cubic
[fair_bench] cubic cell=6 bw=20 rtt=30 run=2/4 done (24/120)
[fair_bench] slot=1 cubic bw=40 rtt=40 run=1 -C cubic
[fair_bench] cubic cell=6 bw=20 rtt=30 run=1/4 done (25/120)
[fair_bench] slot=4 cubic bw=40 rtt=40 run=2 -C cubic
[fair_bench] cubic cell=7 bw=40 rtt=30 run=2/4 done (26/120)
[fair_bench] slot=17 cubic bw=40 rtt=40 run=3 -C cubic
[fair_bench] cubic cell=8 bw=60 rtt=30 run=2/4 done (27/120)
[fair_bench] cubic cell=8 bw=60 rtt=30 run=3/4 done (28/120)
[fair_bench] slot=5 cubic bw=40 rtt=40 run=4 -C cubic
[fair_bench] slot=2 cubic bw=60 rtt=40 run=1 -C cubic
[fair_bench] cubic cell=7 bw=40 rtt=30 run=4/4 done (29/120)
[fair_bench] slot=6 cubic bw=60 rtt=40 run=2 -C cubic
[fair_bench] cubic cell=7 bw=40 rtt=30 run=3/4 done (30/120)
[fair_bench] slot=14 cubic bw=60 rtt=40 run=3 -C cubic
[fair_bench] cubic cell=10 bw=100 rtt=30 run=1/4 done (31/120)
[fair_bench] slot=11 cubic bw=60 rtt=40 run=4 -C cubic
[fair_bench] cubic cell=8 bw=60 rtt=30 run=1/4 done (32/120)
[fair_bench] slot=15 cubic bw=80 rtt=40 run=1 -C cubic
[fair_bench] cubic cell=8 bw=60 rtt=30 run=4/4 done (33/120)
[fair_bench] slot=12 cubic bw=80 rtt=40 run=2 -C cubic
[fair_bench] cubic cell=9 bw=80 rtt=30 run=3/4 done (34/120)
[fair_bench] slot=13 cubic bw=80 rtt=40 run=3 -C cubic
[fair_bench] cubic cell=9 bw=80 rtt=30 run=1/4 done (35/120)
[fair_bench] slot=9 cubic bw=80 rtt=40 run=4 -C cubic
[fair_bench] cubic cell=9 bw=80 rtt=30 run=2/4 done (36/120)
[fair_bench] slot=8 cubic bw=100 rtt=40 run=1 -C cubic
[fair_bench] cubic cell=10 bw=100 rtt=30 run=2/4 done (37/120)
[fair_bench] slot=10 cubic bw=100 rtt=40 run=2 -C cubic
[fair_bench] cubic cell=9 bw=80 rtt=30 run=4/4 done (38/120)
[fair_bench] slot=18 cubic bw=100 rtt=40 run=3 -C cubic
[fair_bench] cubic cell=10 bw=100 rtt=30 run=3/4 done (39/120)
[fair_bench] slot=16 cubic bw=100 rtt=40 run=4 -C cubic
[fair_bench] cubic cell=10 bw=100 rtt=30 run=4/4 done (40/120)
[fair_bench] slot=19 cubic bw=20 rtt=50 run=1 -C cubic
[fair_bench] cubic cell=11 bw=20 rtt=40 run=2/4 done (41/120)
[fair_bench] slot=3 cubic bw=20 rtt=50 run=2 -C cubic
[fair_bench] cubic cell=11 bw=20 rtt=40 run=4/4 done (42/120)
[fair_bench] slot=1 cubic bw=20 rtt=50 run=3 -C cubic
[fair_bench] cubic cell=12 bw=40 rtt=40 run=1/4 done (43/120)
[fair_bench] slot=0 cubic bw=20 rtt=50 run=4 -C cubic
[fair_bench] cubic cell=11 bw=20 rtt=40 run=1/4 done (44/120)
[fair_bench] slot=7 cubic bw=40 rtt=50 run=1 -C cubic
[fair_bench] cubic cell=11 bw=20 rtt=40 run=3/4 done (45/120)
[fair_bench] slot=5 cubic bw=40 rtt=50 run=2 -C cubic
[fair_bench] cubic cell=12 bw=40 rtt=40 run=4/4 done (46/120)
[fair_bench] slot=17 cubic bw=40 rtt=50 run=3 -C cubic
[fair_bench] cubic cell=12 bw=40 rtt=40 run=3/4 done (47/120)
[fair_bench] slot=4 cubic bw=40 rtt=50 run=4 -C cubic
[fair_bench] cubic cell=12 bw=40 rtt=40 run=2/4 done (48/120)
[fair_bench] slot=2 cubic bw=60 rtt=50 run=1 -C cubic
[fair_bench] cubic cell=13 bw=60 rtt=40 run=1/4 done (49/120)
[fair_bench] slot=6 cubic bw=60 rtt=50 run=2 -C cubic
[fair_bench] cubic cell=13 bw=60 rtt=40 run=2/4 done (50/120)
[fair_bench] slot=14 cubic bw=60 rtt=50 run=3 -C cubic
[fair_bench] cubic cell=13 bw=60 rtt=40 run=3/4 done (51/120)
[fair_bench] slot=11 cubic bw=60 rtt=50 run=4 -C cubic
[fair_bench] cubic cell=13 bw=60 rtt=40 run=4/4 done (52/120)
[fair_bench] slot=15 cubic bw=80 rtt=50 run=1 -C cubic
[fair_bench] cubic cell=14 bw=80 rtt=40 run=1/4 done (53/120)
[fair_bench] cubic cell=14 bw=80 rtt=40 run=2/4 done (54/120)
[fair_bench] slot=12 cubic bw=80 rtt=50 run=2 -C cubic
[fair_bench] slot=9 cubic bw=80 rtt=50 run=3 -C cubic
[fair_bench] cubic cell=14 bw=80 rtt=40 run=4/4 done (55/120)
[fair_bench] cubic cell=14 bw=80 rtt=40 run=3/4 done (56/120)
[fair_bench] slot=13 cubic bw=80 rtt=50 run=4 -C cubic
[fair_bench] slot=8 cubic bw=100 rtt=50 run=1 -C cubic
[fair_bench] cubic cell=15 bw=100 rtt=40 run=1/4 done (57/120)
[fair_bench] slot=16 cubic bw=100 rtt=50 run=2 -C cubic
[fair_bench] cubic cell=15 bw=100 rtt=40 run=4/4 done (58/120)
[fair_bench] slot=10 cubic bw=100 rtt=50 run=3 -C cubic
[fair_bench] cubic cell=15 bw=100 rtt=40 run=2/4 done (59/120)
[fair_bench] slot=18 cubic bw=100 rtt=50 run=4 -C cubic
[fair_bench] cubic cell=15 bw=100 rtt=40 run=3/4 done (60/120)
[fair_bench] slot=19 cubic bw=20 rtt=60 run=1 -C cubic
[fair_bench] cubic cell=16 bw=20 rtt=50 run=1/4 done (61/120)
[fair_bench] slot=3 cubic bw=20 rtt=60 run=2 -C cubic
[fair_bench] cubic cell=16 bw=20 rtt=50 run=2/4 done (62/120)
[fair_bench] slot=14 cubic bw=20 rtt=60 run=3 -C cubic
[fair_bench] cubic cell=18 bw=60 rtt=50 run=3/4 done (63/120)
[fair_bench] slot=6 cubic bw=20 rtt=60 run=4 -C cubic
[fair_bench] cubic cell=18 bw=60 rtt=50 run=2/4 done (64/120)
[fair_bench] cubic cell=17 bw=40 rtt=50 run=2/4 done (65/120)
[fair_bench] slot=5 cubic bw=40 rtt=60 run=1 -C cubic
[fair_bench] slot=4 cubic bw=40 rtt=60 run=2 -C cubic
[fair_bench] cubic cell=17 bw=40 rtt=50 run=4/4 done (66/120)
[fair_bench] slot=17 cubic bw=40 rtt=60 run=3 -C cubic
[fair_bench] cubic cell=17 bw=40 rtt=50 run=3/4 done (67/120)
[fair_bench] slot=7 cubic bw=40 rtt=60 run=4 -C cubic
[fair_bench] cubic cell=17 bw=40 rtt=50 run=1/4 done (68/120)
[fair_bench] slot=2 cubic bw=60 rtt=60 run=1 -C cubic
[fair_bench] cubic cell=18 bw=60 rtt=50 run=1/4 done (69/120)
[fair_bench] slot=0 cubic bw=60 rtt=60 run=2 -C cubic
[fair_bench] cubic cell=16 bw=20 rtt=50 run=4/4 done (70/120)
[fair_bench] slot=1 cubic bw=60 rtt=60 run=3 -C cubic
[fair_bench] cubic cell=16 bw=20 rtt=50 run=3/4 done (71/120)
[fair_bench] slot=11 cubic bw=60 rtt=60 run=4 -C cubic
[fair_bench] cubic cell=18 bw=60 rtt=50 run=4/4 done (72/120)
[fair_bench] slot=15 cubic bw=80 rtt=60 run=1 -C cubic
[fair_bench] cubic cell=19 bw=80 rtt=50 run=1/4 done (73/120)
[fair_bench] slot=10 cubic bw=80 rtt=60 run=2 -C cubic
[fair_bench] cubic cell=20 bw=100 rtt=50 run=3/4 done (74/120)
[fair_bench] slot=18 cubic bw=80 rtt=60 run=3 -C cubic
[fair_bench] cubic cell=20 bw=100 rtt=50 run=4/4 done (75/120)
[fair_bench] slot=12 cubic bw=80 rtt=60 run=4 -C cubic
[fair_bench] cubic cell=19 bw=80 rtt=50 run=2/4 done (76/120)
[fair_bench] slot=8 cubic bw=100 rtt=60 run=1 -C cubic
[fair_bench] cubic cell=20 bw=100 rtt=50 run=1/4 done (77/120)
[fair_bench] slot=13 cubic bw=100 rtt=60 run=2 -C cubic
[fair_bench] cubic cell=19 bw=80 rtt=50 run=4/4 done (78/120)
[fair_bench] slot=16 cubic bw=100 rtt=60 run=3 -C cubic
[fair_bench] cubic cell=20 bw=100 rtt=50 run=2/4 done (79/120)
[fair_bench] slot=9 cubic bw=100 rtt=60 run=4 -C cubic
[fair_bench] cubic cell=19 bw=80 rtt=50 run=3/4 done (80/120)
[fair_bench] slot=3 cubic bw=20 rtt=70 run=1 -C cubic
[fair_bench] cubic cell=21 bw=20 rtt=60 run=2/4 done (81/120)
[fair_bench] slot=19 cubic bw=20 rtt=70 run=2 -C cubic
[fair_bench] cubic cell=21 bw=20 rtt=60 run=1/4 done (82/120)
[fair_bench] slot=5 cubic bw=20 rtt=70 run=3 -C cubic
[fair_bench] cubic cell=22 bw=40 rtt=60 run=1/4 done (83/120)
[fair_bench] slot=4 cubic bw=20 rtt=70 run=4 -C cubic
[fair_bench] cubic cell=22 bw=40 rtt=60 run=2/4 done (84/120)
[fair_bench] slot=7 cubic bw=40 rtt=70 run=1 -C cubic
[fair_bench] cubic cell=22 bw=40 rtt=60 run=4/4 done (85/120)
[fair_bench] slot=2 cubic bw=40 rtt=70 run=2 -C cubic
[fair_bench] cubic cell=23 bw=60 rtt=60 run=1/4 done (86/120)
[fair_bench] slot=17 cubic bw=40 rtt=70 run=3 -C cubic
[fair_bench] cubic cell=22 bw=40 rtt=60 run=3/4 done (87/120)
[fair_bench] slot=0 cubic bw=40 rtt=70 run=4 -C cubic
[fair_bench] cubic cell=23 bw=60 rtt=60 run=2/4 done (88/120)
[fair_bench] slot=11 cubic bw=60 rtt=70 run=1 -C cubic
[fair_bench] cubic cell=23 bw=60 rtt=60 run=4/4 done (89/120)
[fair_bench] slot=14 cubic bw=60 rtt=70 run=2 -C cubic
[fair_bench] cubic cell=21 bw=20 rtt=60 run=3/4 done (90/120)
[fair_bench] cubic cell=21 bw=20 rtt=60 run=4/4 done (91/120)
[fair_bench] slot=6 cubic bw=60 rtt=70 run=3 -C cubic
[fair_bench] cubic cell=24 bw=80 rtt=60 run=1/4 done (92/120)
[fair_bench] slot=15 cubic bw=60 rtt=70 run=4 -C cubic
[fair_bench] slot=1 cubic bw=80 rtt=70 run=1 -C cubic
[fair_bench] cubic cell=23 bw=60 rtt=60 run=3/4 done (93/120)
[fair_bench] slot=12 cubic bw=80 rtt=70 run=2 -C cubic
[fair_bench] cubic cell=24 bw=80 rtt=60 run=4/4 done (94/120)
[fair_bench] slot=10 cubic bw=80 rtt=70 run=3 -C cubic
[fair_bench] cubic cell=24 bw=80 rtt=60 run=2/4 done (95/120)
[fair_bench] slot=8 cubic bw=80 rtt=70 run=4 -C cubic
[fair_bench] cubic cell=25 bw=100 rtt=60 run=1/4 done (96/120)
[fair_bench] slot=18 cubic bw=100 rtt=70 run=1 -C cubic
[fair_bench] cubic cell=24 bw=80 rtt=60 run=3/4 done (97/120)
[fair_bench] slot=16 cubic bw=100 rtt=70 run=2 -C cubic
[fair_bench] cubic cell=25 bw=100 rtt=60 run=3/4 done (98/120)
[fair_bench] slot=9 cubic bw=100 rtt=70 run=3 -C cubic
[fair_bench] cubic cell=25 bw=100 rtt=60 run=4/4 done (99/120)
[fair_bench] cubic cell=25 bw=100 rtt=60 run=2/4 done (100/120)
[fair_bench] slot=13 cubic bw=100 rtt=70 run=4 -C cubic
[fair_bench] cubic cell=26 bw=20 rtt=70 run=2/4 done (101/120)
[fair_bench] cubic cell=26 bw=20 rtt=70 run=1/4 done (102/120)
[fair_bench] cubic cell=26 bw=20 rtt=70 run=3/4 done (103/120)
[fair_bench] cubic cell=28 bw=60 rtt=70 run=3/4 done (104/120)
[fair_bench] cubic cell=29 bw=80 rtt=70 run=1/4 done (105/120)
[fair_bench] cubic cell=28 bw=60 rtt=70 run=2/4 done (106/120)
[fair_bench] cubic cell=27 bw=40 rtt=70 run=2/4 done (107/120)
[fair_bench] cubic cell=26 bw=20 rtt=70 run=4/4 done (108/120)
[fair_bench] cubic cell=27 bw=40 rtt=70 run=3/4 done (109/120)
[fair_bench] cubic cell=27 bw=40 rtt=70 run=1/4 done (110/120)
[fair_bench] cubic cell=28 bw=60 rtt=70 run=4/4 done (111/120)
[fair_bench] cubic cell=27 bw=40 rtt=70 run=4/4 done (112/120)
[fair_bench] cubic cell=28 bw=60 rtt=70 run=1/4 done (113/120)
[fair_bench] cubic cell=29 bw=80 rtt=70 run=3/4 done (114/120)
[fair_bench] cubic cell=29 bw=80 rtt=70 run=4/4 done (115/120)
[fair_bench] cubic cell=30 bw=100 rtt=70 run=4/4 done (116/120)
[fair_bench] cubic cell=30 bw=100 rtt=70 run=1/4 done (117/120)
[fair_bench] cubic cell=30 bw=100 rtt=70 run=2/4 done (118/120)
[fair_bench] cubic cell=30 bw=100 rtt=70 run=3/4 done (119/120)
[fair_bench] cubic cell=29 bw=80 rtt=70 run=2/4 done (120/120)
[fair_bench] heatmap -> /its/home/mm2350/extra/Olympusv2/benchmarks/benchmark_fairness/data/cubic/fairness_heatmap.pdf
[orch] runtime cleanup sweep
[fair_bench] slot=0 bbr bw=20 rtt=20 run=1 -C bbr
[fair_bench] slot=1 bbr bw=20 rtt=20 run=2 -C bbr
[fair_bench] slot=2 bbr bw=20 rtt=20 run=3 -C bbr
[fair_bench] slot=3 bbr bw=20 rtt=20 run=4 -C bbr
[fair_bench] slot=4 bbr bw=40 rtt=20 run=1 -C bbr
[fair_bench] slot=5 bbr bw=40 rtt=20 run=2 -C bbr
[fair_bench] slot=6 bbr bw=40 rtt=20 run=3 -C bbr
[fair_bench] slot=7 bbr bw=40 rtt=20 run=4 -C bbr
[fair_bench] slot=8 bbr bw=60 rtt=20 run=1 -C bbr
[fair_bench] slot=9 bbr bw=60 rtt=20 run=2 -C bbr
[fair_bench] slot=10 bbr bw=60 rtt=20 run=3 -C bbr
[fair_bench] slot=11 bbr bw=60 rtt=20 run=4 -C bbr
[fair_bench] slot=12 bbr bw=80 rtt=20 run=1 -C bbr
[fair_bench] slot=13 bbr bw=80 rtt=20 run=2 -C bbr
[fair_bench] slot=14 bbr bw=80 rtt=20 run=3 -C bbr
[fair_bench] slot=15 bbr bw=80 rtt=20 run=4 -C bbr
[fair_bench] slot=16 bbr bw=100 rtt=20 run=1 -C bbr
[fair_bench] slot=17 bbr bw=100 rtt=20 run=2 -C bbr
[fair_bench] slot=18 bbr bw=100 rtt=20 run=3 -C bbr
[fair_bench] slot=19 bbr bw=100 rtt=20 run=4 -C bbr
[fair_bench] slot=6 bbr bw=20 rtt=30 run=1 -C bbr
[fair_bench] bbr cell=2 bw=40 rtt=20 run=3/4 done (1/120)
[fair_bench] slot=0 bbr bw=20 rtt=30 run=2 -C bbr
[fair_bench] bbr cell=1 bw=20 rtt=20 run=1/4 done (2/120)
[fair_bench] slot=2 bbr bw=20 rtt=30 run=3 -C bbr
[fair_bench] bbr cell=1 bw=20 rtt=20 run=3/4 done (3/120)
[fair_bench] slot=14 bbr bw=20 rtt=30 run=4 -C bbr
[fair_bench] bbr cell=4 bw=80 rtt=20 run=3/4 done (4/120)
[fair_bench] slot=7 bbr bw=40 rtt=30 run=1 -C bbr
[fair_bench] bbr cell=2 bw=40 rtt=20 run=4/4 done (5/120)
[fair_bench] slot=11 bbr bw=40 rtt=30 run=2 -C bbr
[fair_bench] bbr cell=3 bw=60 rtt=20 run=4/4 done (6/120)
[fair_bench] bbr cell=1 bw=20 rtt=20 run=4/4 done (7/120)
[fair_bench] slot=3 bbr bw=40 rtt=30 run=3 -C bbr
[fair_bench] slot=13 bbr bw=40 rtt=30 run=4 -C bbr
[fair_bench] bbr cell=4 bw=80 rtt=20 run=2/4 done (8/120)
[fair_bench] slot=10 bbr bw=60 rtt=30 run=1 -C bbr
[fair_bench] bbr cell=3 bw=60 rtt=20 run=3/4 done (9/120)
[fair_bench] slot=1 bbr bw=60 rtt=30 run=2 -C bbr
[fair_bench] bbr cell=1 bw=20 rtt=20 run=2/4 done (10/120)
[fair_bench] slot=19 bbr bw=60 rtt=30 run=3 -C bbr
[fair_bench] bbr cell=5 bw=100 rtt=20 run=4/4 done (11/120)
[fair_bench] slot=17 bbr bw=60 rtt=30 run=4 -C bbr
[fair_bench] bbr cell=5 bw=100 rtt=20 run=2/4 done (12/120)
[fair_bench] slot=12 bbr bw=80 rtt=30 run=1 -C bbr
[fair_bench] bbr cell=4 bw=80 rtt=20 run=1/4 done (13/120)
[fair_bench] slot=15 bbr bw=80 rtt=30 run=2 -C bbr
[fair_bench] bbr cell=4 bw=80 rtt=20 run=4/4 done (14/120)
[fair_bench] slot=5 bbr bw=80 rtt=30 run=3 -C bbr
[fair_bench] bbr cell=2 bw=40 rtt=20 run=2/4 done (15/120)
[fair_bench] slot=16 bbr bw=80 rtt=30 run=4 -C bbr
[fair_bench] bbr cell=5 bw=100 rtt=20 run=1/4 done (16/120)
[fair_bench] slot=4 bbr bw=100 rtt=30 run=1 -C bbr
[fair_bench] bbr cell=2 bw=40 rtt=20 run=1/4 done (17/120)
[fair_bench] slot=9 bbr bw=100 rtt=30 run=2 -C bbr
[fair_bench] bbr cell=3 bw=60 rtt=20 run=2/4 done (18/120)
[fair_bench] slot=18 bbr bw=100 rtt=30 run=3 -C bbr
[fair_bench] bbr cell=5 bw=100 rtt=20 run=3/4 done (19/120)
[fair_bench] slot=8 bbr bw=100 rtt=30 run=4 -C bbr
[fair_bench] bbr cell=3 bw=60 rtt=20 run=1/4 done (20/120)
[fair_bench] slot=2 bbr bw=20 rtt=40 run=1 -C bbr
[fair_bench] bbr cell=6 bw=20 rtt=30 run=3/4 done (21/120)
[fair_bench] bbr cell=6 bw=20 rtt=30 run=1/4 done (22/120)
[fair_bench] slot=6 bbr bw=20 rtt=40 run=2 -C bbr
[fair_bench] slot=0 bbr bw=20 rtt=40 run=3 -C bbr
[fair_bench] bbr cell=6 bw=20 rtt=30 run=2/4 done (23/120)
[fair_bench] slot=14 bbr bw=20 rtt=40 run=4 -C bbr
[fair_bench] bbr cell=6 bw=20 rtt=30 run=4/4 done (24/120)
[fair_bench] slot=7 bbr bw=40 rtt=40 run=1 -C bbr
[fair_bench] bbr cell=7 bw=40 rtt=30 run=1/4 done (25/120)
[fair_bench] slot=13 bbr bw=40 rtt=40 run=2 -C bbr
[fair_bench] bbr cell=7 bw=40 rtt=30 run=4/4 done (26/120)
[fair_bench] slot=11 bbr bw=40 rtt=40 run=3 -C bbr
[fair_bench] bbr cell=7 bw=40 rtt=30 run=2/4 done (27/120)
[fair_bench] slot=3 bbr bw=40 rtt=40 run=4 -C bbr
[fair_bench] bbr cell=7 bw=40 rtt=30 run=3/4 done (28/120)
[fair_bench] bbr cell=8 bw=60 rtt=30 run=1/4 done (29/120)
[fair_bench] slot=10 bbr bw=60 rtt=40 run=1 -C bbr
[fair_bench] slot=1 bbr bw=60 rtt=40 run=2 -C bbr
[fair_bench] bbr cell=8 bw=60 rtt=30 run=2/4 done (30/120)
[fair_bench] slot=16 bbr bw=60 rtt=40 run=3 -C bbr
[fair_bench] bbr cell=9 bw=80 rtt=30 run=4/4 done (31/120)
[fair_bench] slot=15 bbr bw=60 rtt=40 run=4 -C bbr
[fair_bench] bbr cell=9 bw=80 rtt=30 run=2/4 done (32/120)
[fair_bench] slot=17 bbr bw=80 rtt=40 run=1 -C bbr
[fair_bench] bbr cell=8 bw=60 rtt=30 run=4/4 done (33/120)
[fair_bench] slot=18 bbr bw=80 rtt=40 run=2 -C bbr
[fair_bench] bbr cell=10 bw=100 rtt=30 run=3/4 done (34/120)
[fair_bench] slot=8 bbr bw=80 rtt=40 run=3 -C bbr
[fair_bench] bbr cell=10 bw=100 rtt=30 run=4/4 done (35/120)
[fair_bench] slot=19 bbr bw=80 rtt=40 run=4 -C bbr
[fair_bench] bbr cell=8 bw=60 rtt=30 run=3/4 done (36/120)
[fair_bench] slot=9 bbr bw=100 rtt=40 run=1 -C bbr
[fair_bench] bbr cell=10 bw=100 rtt=30 run=2/4 done (37/120)
[fair_bench] slot=4 bbr bw=100 rtt=40 run=2 -C bbr
[fair_bench] bbr cell=10 bw=100 rtt=30 run=1/4 done (38/120)
[fair_bench] slot=12 bbr bw=100 rtt=40 run=3 -C bbr
[fair_bench] bbr cell=9 bw=80 rtt=30 run=1/4 done (39/120)
[fair_bench] slot=5 bbr bw=100 rtt=40 run=4 -C bbr
[fair_bench] bbr cell=9 bw=80 rtt=30 run=3/4 done (40/120)
[fair_bench] slot=0 bbr bw=20 rtt=50 run=1 -C bbr
[fair_bench] bbr cell=11 bw=20 rtt=40 run=3/4 done (41/120)
[fair_bench] slot=7 bbr bw=20 rtt=50 run=2 -C bbr
[fair_bench] bbr cell=12 bw=40 rtt=40 run=1/4 done (42/120)
[fair_bench] slot=2 bbr bw=20 rtt=50 run=3 -C bbr
[fair_bench] bbr cell=11 bw=20 rtt=40 run=1/4 done (43/120)
[fair_bench] bbr cell=12 bw=40 rtt=40 run=3/4 done (44/120)
[fair_bench] slot=11 bbr bw=20 rtt=50 run=4 -C bbr
[fair_bench] slot=6 bbr bw=40 rtt=50 run=1 -C bbr
[fair_bench] bbr cell=11 bw=20 rtt=40 run=2/4 done (45/120)
[fair_bench] slot=10 bbr bw=40 rtt=50 run=2 -C bbr
[fair_bench] bbr cell=13 bw=60 rtt=40 run=1/4 done (46/120)
[fair_bench] slot=3 bbr bw=40 rtt=50 run=3 -C bbr
[fair_bench] bbr cell=12 bw=40 rtt=40 run=4/4 done (47/120)
[fair_bench] slot=13 bbr bw=40 rtt=50 run=4 -C bbr
[fair_bench] bbr cell=12 bw=40 rtt=40 run=2/4 done (48/120)
[fair_bench] slot=14 bbr bw=60 rtt=50 run=1 -C bbr
[fair_bench] bbr cell=11 bw=20 rtt=40 run=4/4 done (49/120)
[fair_bench] slot=1 bbr bw=60 rtt=50 run=2 -C bbr
[fair_bench] bbr cell=13 bw=60 rtt=40 run=2/4 done (50/120)
[fair_bench] slot=8 bbr bw=60 rtt=50 run=3 -C bbr
[fair_bench] bbr cell=14 bw=80 rtt=40 run=3/4 done (51/120)
[fair_bench] bbr cell=15 bw=100 rtt=40 run=4/4 done (52/120)
[fair_bench] slot=5 bbr bw=60 rtt=50 run=4 -C bbr
[fair_bench] slot=15 bbr bw=80 rtt=50 run=1 -C bbr
[fair_bench] bbr cell=13 bw=60 rtt=40 run=4/4 done (53/120)
[fair_bench] slot=19 bbr bw=80 rtt=50 run=2 -C bbr
[fair_bench] bbr cell=14 bw=80 rtt=40 run=4/4 done (54/120)
[fair_bench] slot=9 bbr bw=80 rtt=50 run=3 -C bbr
[fair_bench] bbr cell=15 bw=100 rtt=40 run=1/4 done (55/120)
[fair_bench] bbr cell=13 bw=60 rtt=40 run=3/4 done (56/120)
[fair_bench] slot=16 bbr bw=80 rtt=50 run=4 -C bbr
[fair_bench] slot=18 bbr bw=100 rtt=50 run=1 -C bbr
[fair_bench] bbr cell=14 bw=80 rtt=40 run=2/4 done (57/120)
[fair_bench] slot=17 bbr bw=100 rtt=50 run=2 -C bbr
[fair_bench] bbr cell=14 bw=80 rtt=40 run=1/4 done (58/120)
[fair_bench] slot=4 bbr bw=100 rtt=50 run=3 -C bbr
[fair_bench] bbr cell=15 bw=100 rtt=40 run=2/4 done (59/120)
[fair_bench] slot=12 bbr bw=100 rtt=50 run=4 -C bbr
[fair_bench] bbr cell=15 bw=100 rtt=40 run=3/4 done (60/120)
[fair_bench] slot=0 bbr bw=20 rtt=60 run=1 -C bbr
[fair_bench] bbr cell=16 bw=20 rtt=50 run=1/4 done (61/120)
[fair_bench] slot=6 bbr bw=20 rtt=60 run=2 -C bbr
[fair_bench] bbr cell=17 bw=40 rtt=50 run=1/4 done (62/120)
[fair_bench] slot=13 bbr bw=20 rtt=60 run=3 -C bbr
[fair_bench] slot=7 bbr bw=20 rtt=60 run=4 -C bbr
[fair_bench] bbr cell=17 bw=40 rtt=50 run=4/4 done (63/120)
[fair_bench] bbr cell=16 bw=20 rtt=50 run=2/4 done (64/120)
[fair_bench] slot=14 bbr bw=40 rtt=60 run=1 -C bbr
[fair_bench] bbr cell=18 bw=60 rtt=50 run=1/4 done (65/120)
[fair_bench] slot=8 bbr bw=40 rtt=60 run=2 -C bbr
[fair_bench] bbr cell=18 bw=60 rtt=50 run=3/4 done (66/120)
[fair_bench] slot=3 bbr bw=40 rtt=60 run=3 -C bbr
[fair_bench] bbr cell=17 bw=40 rtt=50 run=3/4 done (67/120)
[fair_bench] slot=11 bbr bw=40 rtt=60 run=4 -C bbr
[fair_bench] bbr cell=16 bw=20 rtt=50 run=4/4 done (68/120)
[fair_bench] slot=1 bbr bw=60 rtt=60 run=1 -C bbr
[fair_bench] bbr cell=18 bw=60 rtt=50 run=2/4 done (69/120)
[fair_bench] slot=2 bbr bw=60 rtt=60 run=2 -C bbr
[fair_bench] bbr cell=16 bw=20 rtt=50 run=3/4 done (70/120)
[fair_bench] slot=10 bbr bw=60 rtt=60 run=3 -C bbr
[fair_bench] bbr cell=17 bw=40 rtt=50 run=2/4 done (71/120)
[fair_bench] slot=9 bbr bw=60 rtt=60 run=4 -C bbr
[fair_bench] bbr cell=19 bw=80 rtt=50 run=3/4 done (72/120)
[fair_bench] slot=15 bbr bw=80 rtt=60 run=1 -C bbr
[fair_bench] bbr cell=19 bw=80 rtt=50 run=1/4 done (73/120)
[fair_bench] slot=18 bbr bw=80 rtt=60 run=2 -C bbr
[fair_bench] bbr cell=20 bw=100 rtt=50 run=1/4 done (74/120)
[fair_bench] bbr cell=18 bw=60 rtt=50 run=4/4 done (75/120)
[fair_bench] slot=5 bbr bw=80 rtt=60 run=3 -C bbr
[fair_bench] bbr cell=19 bw=80 rtt=50 run=4/4 done (76/120)
[fair_bench] slot=16 bbr bw=80 rtt=60 run=4 -C bbr
[fair_bench] slot=4 bbr bw=100 rtt=60 run=1 -C bbr
[fair_bench] bbr cell=20 bw=100 rtt=50 run=3/4 done (77/120)
[fair_bench] slot=12 bbr bw=100 rtt=60 run=2 -C bbr
[fair_bench] bbr cell=20 bw=100 rtt=50 run=4/4 done (78/120)
[fair_bench] slot=17 bbr bw=100 rtt=60 run=3 -C bbr
[fair_bench] bbr cell=20 bw=100 rtt=50 run=2/4 done (79/120)
[fair_bench] slot=19 bbr bw=100 rtt=60 run=4 -C bbr
[fair_bench] bbr cell=19 bw=80 rtt=50 run=2/4 done (80/120)
[fair_bench] slot=0 bbr bw=20 rtt=70 run=1 -C bbr
[fair_bench] bbr cell=21 bw=20 rtt=60 run=1/4 done (81/120)
[fair_bench] slot=6 bbr bw=20 rtt=70 run=2 -C bbr
[fair_bench] bbr cell=21 bw=20 rtt=60 run=2/4 done (82/120)
[fair_bench] slot=11 bbr bw=20 rtt=70 run=3 -C bbr
[fair_bench] bbr cell=22 bw=40 rtt=60 run=4/4 done (83/120)
[fair_bench] slot=10 bbr bw=20 rtt=70 run=4 -C bbr
[fair_bench] bbr cell=23 bw=60 rtt=60 run=3/4 done (84/120)
[fair_bench] slot=8 bbr bw=40 rtt=70 run=1 -C bbr
[fair_bench] bbr cell=22 bw=40 rtt=60 run=2/4 done (85/120)
[fair_bench] slot=13 bbr bw=40 rtt=70 run=2 -C bbr
[fair_bench] bbr cell=21 bw=20 rtt=60 run=3/4 done (86/120)
[fair_bench] slot=14 bbr bw=40 rtt=70 run=3 -C bbr
[fair_bench] bbr cell=22 bw=40 rtt=60 run=1/4 done (87/120)
[fair_bench] slot=7 bbr bw=40 rtt=70 run=4 -C bbr
[fair_bench] bbr cell=21 bw=20 rtt=60 run=4/4 done (88/120)
[fair_bench] slot=2 bbr bw=60 rtt=70 run=1 -C bbr
[fair_bench] bbr cell=23 bw=60 rtt=60 run=2/4 done (89/120)
[fair_bench] slot=1 bbr bw=60 rtt=70 run=2 -C bbr
[fair_bench] bbr cell=23 bw=60 rtt=60 run=1/4 done (90/120)
[fair_bench] slot=3 bbr bw=60 rtt=70 run=3 -C bbr
[fair_bench] bbr cell=22 bw=40 rtt=60 run=3/4 done (91/120)
[fair_bench] slot=17 bbr bw=60 rtt=70 run=4 -C bbr
[fair_bench] bbr cell=25 bw=100 rtt=60 run=3/4 done (92/120)
[fair_bench] slot=15 bbr bw=80 rtt=70 run=1 -C bbr
[fair_bench] bbr cell=24 bw=80 rtt=60 run=1/4 done (93/120)
[fair_bench] slot=12 bbr bw=80 rtt=70 run=2 -C bbr
[fair_bench] bbr cell=25 bw=100 rtt=60 run=2/4 done (94/120)
[fair_bench] slot=18 bbr bw=80 rtt=70 run=3 -C bbr
[fair_bench] bbr cell=24 bw=80 rtt=60 run=2/4 done (95/120)
[fair_bench] slot=9 bbr bw=80 rtt=70 run=4 -C bbr
[fair_bench] bbr cell=23 bw=60 rtt=60 run=4/4 done (96/120)
[fair_bench] slot=5 bbr bw=100 rtt=70 run=1 -C bbr
[fair_bench] bbr cell=24 bw=80 rtt=60 run=3/4 done (97/120)
[fair_bench] slot=16 bbr bw=100 rtt=70 run=2 -C bbr
[fair_bench] bbr cell=24 bw=80 rtt=60 run=4/4 done (98/120)
[fair_bench] slot=19 bbr bw=100 rtt=70 run=3 -C bbr
[fair_bench] bbr cell=25 bw=100 rtt=60 run=4/4 done (99/120)
[fair_bench] slot=4 bbr bw=100 rtt=70 run=4 -C bbr
[fair_bench] bbr cell=25 bw=100 rtt=60 run=1/4 done (100/120)
[fair_bench] bbr cell=26 bw=20 rtt=70 run=1/4 done (101/120)
[fair_bench] bbr cell=26 bw=20 rtt=70 run=2/4 done (102/120)
[fair_bench] bbr cell=28 bw=60 rtt=70 run=1/4 done (103/120)
[fair_bench] bbr cell=27 bw=40 rtt=70 run=2/4 done (104/120)
[fair_bench] bbr cell=26 bw=20 rtt=70 run=4/4 done (105/120)
[fair_bench] bbr cell=27 bw=40 rtt=70 run=3/4 done (106/120)
[fair_bench] bbr cell=28 bw=60 rtt=70 run=2/4 done (107/120)
[fair_bench] bbr cell=27 bw=40 rtt=70 run=4/4 done (108/120)
[fair_bench] bbr cell=27 bw=40 rtt=70 run=1/4 done (109/120)
[fair_bench] bbr cell=28 bw=60 rtt=70 run=3/4 done (110/120)
[fair_bench] bbr cell=26 bw=20 rtt=70 run=3/4 done (111/120)
[fair_bench] bbr cell=28 bw=60 rtt=70 run=4/4 done (112/120)
[fair_bench] bbr cell=29 bw=80 rtt=70 run=1/4 done (113/120)
[fair_bench] bbr cell=30 bw=100 rtt=70 run=3/4 done (114/120)
[fair_bench] bbr cell=29 bw=80 rtt=70 run=2/4 done (115/120)
[fair_bench] bbr cell=30 bw=100 rtt=70 run=1/4 done (116/120)
[fair_bench] bbr cell=30 bw=100 rtt=70 run=2/4 done (117/120)
[fair_bench] bbr cell=29 bw=80 rtt=70 run=3/4 done (118/120)
[fair_bench] bbr cell=29 bw=80 rtt=70 run=4/4 done (119/120)
[fair_bench] bbr cell=30 bw=100 rtt=70 run=4/4 done (120/120)
[fair_bench] heatmap -> /its/home/mm2350/extra/Olympusv2/benchmarks/benchmark_fairness/data/bbr/fairness_heatmap.pdf
[orch] runtime cleanup sweep
[fair_bench] slot=0 bbr1 bw=20 rtt=20 run=1 -C bbr1
[fair_bench] slot=1 bbr1 bw=20 rtt=20 run=2 -C bbr1
[fair_bench] slot=2 bbr1 bw=20 rtt=20 run=3 -C bbr1
[fair_bench] slot=3 bbr1 bw=20 rtt=20 run=4 -C bbr1
[fair_bench] slot=4 bbr1 bw=40 rtt=20 run=1 -C bbr1
[fair_bench] slot=5 bbr1 bw=40 rtt=20 run=2 -C bbr1
[fair_bench] slot=6 bbr1 bw=40 rtt=20 run=3 -C bbr1
[fair_bench] slot=7 bbr1 bw=40 rtt=20 run=4 -C bbr1
[fair_bench] slot=8 bbr1 bw=60 rtt=20 run=1 -C bbr1
[fair_bench] slot=9 bbr1 bw=60 rtt=20 run=2 -C bbr1
[fair_bench] slot=10 bbr1 bw=60 rtt=20 run=3 -C bbr1
[fair_bench] slot=11 bbr1 bw=60 rtt=20 run=4 -C bbr1
[fair_bench] slot=12 bbr1 bw=80 rtt=20 run=1 -C bbr1
[fair_bench] slot=13 bbr1 bw=80 rtt=20 run=2 -C bbr1
[fair_bench] slot=14 bbr1 bw=80 rtt=20 run=3 -C bbr1
[fair_bench] slot=15 bbr1 bw=80 rtt=20 run=4 -C bbr1
[fair_bench] slot=16 bbr1 bw=100 rtt=20 run=1 -C bbr1
[fair_bench] slot=17 bbr1 bw=100 rtt=20 run=2 -C bbr1
[fair_bench] slot=18 bbr1 bw=100 rtt=20 run=3 -C bbr1
[fair_bench] slot=19 bbr1 bw=100 rtt=20 run=4 -C bbr1
[fair_bench] slot=0 bbr1 bw=20 rtt=30 run=1 -C bbr1
[fair_bench] bbr1 cell=1 bw=20 rtt=20 run=1/4 done (1/120)
[fair_bench] slot=5 bbr1 bw=20 rtt=30 run=2 -C bbr1
[fair_bench] bbr1 cell=2 bw=40 rtt=20 run=2/4 done (2/120)
[fair_bench] slot=8 bbr1 bw=20 rtt=30 run=3 -C bbr1
[fair_bench] bbr1 cell=3 bw=60 rtt=20 run=1/4 done (3/120)
[fair_bench] slot=7 bbr1 bw=20 rtt=30 run=4 -C bbr1
[fair_bench] bbr1 cell=2 bw=40 rtt=20 run=4/4 done (4/120)
[fair_bench] slot=3 bbr1 bw=40 rtt=30 run=1 -C bbr1
[fair_bench] bbr1 cell=1 bw=20 rtt=20 run=4/4 done (5/120)
[fair_bench] slot=17 bbr1 bw=40 rtt=30 run=2 -C bbr1
[fair_bench] bbr1 cell=5 bw=100 rtt=20 run=2/4 done (6/120)
[fair_bench] slot=4 bbr1 bw=40 rtt=30 run=3 -C bbr1
[fair_bench] bbr1 cell=2 bw=40 rtt=20 run=1/4 done (7/120)
[fair_bench] slot=9 bbr1 bw=40 rtt=30 run=4 -C bbr1
[fair_bench] bbr1 cell=3 bw=60 rtt=20 run=2/4 done (8/120)
[fair_bench] slot=1 bbr1 bw=60 rtt=30 run=1 -C bbr1
[fair_bench] bbr1 cell=1 bw=20 rtt=20 run=2/4 done (9/120)
[fair_bench] slot=13 bbr1 bw=60 rtt=30 run=2 -C bbr1
[fair_bench] bbr1 cell=4 bw=80 rtt=20 run=2/4 done (10/120)
[fair_bench] slot=2 bbr1 bw=60 rtt=30 run=3 -C bbr1
[fair_bench] bbr1 cell=1 bw=20 rtt=20 run=3/4 done (11/120)
[fair_bench] slot=11 bbr1 bw=60 rtt=30 run=4 -C bbr1
[fair_bench] bbr1 cell=3 bw=60 rtt=20 run=4/4 done (12/120)
[fair_bench] slot=6 bbr1 bw=80 rtt=30 run=1 -C bbr1
[fair_bench] bbr1 cell=2 bw=40 rtt=20 run=3/4 done (13/120)
[fair_bench] slot=10 bbr1 bw=80 rtt=30 run=2 -C bbr1
[fair_bench] bbr1 cell=3 bw=60 rtt=20 run=3/4 done (14/120)
[fair_bench] slot=16 bbr1 bw=80 rtt=30 run=3 -C bbr1
[fair_bench] bbr1 cell=5 bw=100 rtt=20 run=1/4 done (15/120)
[fair_bench] slot=14 bbr1 bw=80 rtt=30 run=4 -C bbr1
[fair_bench] bbr1 cell=4 bw=80 rtt=20 run=3/4 done (16/120)
[fair_bench] slot=15 bbr1 bw=100 rtt=30 run=1 -C bbr1
[fair_bench] bbr1 cell=4 bw=80 rtt=20 run=4/4 done (17/120)
[fair_bench] slot=19 bbr1 bw=100 rtt=30 run=2 -C bbr1
[fair_bench] bbr1 cell=5 bw=100 rtt=20 run=4/4 done (18/120)
[fair_bench] slot=12 bbr1 bw=100 rtt=30 run=3 -C bbr1
[fair_bench] bbr1 cell=4 bw=80 rtt=20 run=1/4 done (19/120)
[fair_bench] slot=18 bbr1 bw=100 rtt=30 run=4 -C bbr1
[fair_bench] bbr1 cell=5 bw=100 rtt=20 run=3/4 done (20/120)
[fair_bench] slot=7 bbr1 bw=20 rtt=40 run=1 -C bbr1
[fair_bench] bbr1 cell=6 bw=20 rtt=30 run=4/4 done (21/120)
[fair_bench] slot=0 bbr1 bw=20 rtt=40 run=2 -C bbr1
[fair_bench] bbr1 cell=6 bw=20 rtt=30 run=1/4 done (22/120)
[fair_bench] slot=5 bbr1 bw=20 rtt=40 run=3 -C bbr1
[fair_bench] bbr1 cell=6 bw=20 rtt=30 run=2/4 done (23/120)
[fair_bench] slot=17 bbr1 bw=20 rtt=40 run=4 -C bbr1
[fair_bench] bbr1 cell=7 bw=40 rtt=30 run=2/4 done (24/120)
[fair_bench] slot=8 bbr1 bw=40 rtt=40 run=1 -C bbr1
[fair_bench] bbr1 cell=6 bw=20 rtt=30 run=3/4 done (25/120)
[fair_bench] bbr1 cell=7 bw=40 rtt=30 run=1/4 done (26/120)
[fair_bench] slot=3 bbr1 bw=40 rtt=40 run=2 -C bbr1
[fair_bench] slot=4 bbr1 bw=40 rtt=40 run=3 -C bbr1
[fair_bench] bbr1 cell=7 bw=40 rtt=30 run=3/4 done (27/120)
[fair_bench] slot=9 bbr1 bw=40 rtt=40 run=4 -C bbr1
[fair_bench] bbr1 cell=7 bw=40 rtt=30 run=4/4 done (28/120)
[fair_bench] slot=1 bbr1 bw=60 rtt=40 run=1 -C bbr1
[fair_bench] bbr1 cell=8 bw=60 rtt=30 run=1/4 done (29/120)
[fair_bench] slot=10 bbr1 bw=60 rtt=40 run=2 -C bbr1
[fair_bench] bbr1 cell=9 bw=80 rtt=30 run=2/4 done (30/120)
[fair_bench] slot=2 bbr1 bw=60 rtt=40 run=3 -C bbr1
[fair_bench] bbr1 cell=8 bw=60 rtt=30 run=3/4 done (31/120)
[fair_bench] slot=16 bbr1 bw=60 rtt=40 run=4 -C bbr1
[fair_bench] bbr1 cell=9 bw=80 rtt=30 run=3/4 done (32/120)
[fair_bench] slot=12 bbr1 bw=80 rtt=40 run=1 -C bbr1
[fair_bench] bbr1 cell=10 bw=100 rtt=30 run=3/4 done (33/120)
[fair_bench] slot=14 bbr1 bw=80 rtt=40 run=2 -C bbr1
[fair_bench] bbr1 cell=9 bw=80 rtt=30 run=4/4 done (34/120)
[fair_bench] slot=6 bbr1 bw=80 rtt=40 run=3 -C bbr1
[fair_bench] bbr1 cell=9 bw=80 rtt=30 run=1/4 done (35/120)
[fair_bench] slot=13 bbr1 bw=80 rtt=40 run=4 -C bbr1
[fair_bench] bbr1 cell=8 bw=60 rtt=30 run=2/4 done (36/120)
[fair_bench] slot=11 bbr1 bw=100 rtt=40 run=1 -C bbr1
[fair_bench] bbr1 cell=8 bw=60 rtt=30 run=4/4 done (37/120)
[fair_bench] slot=18 bbr1 bw=100 rtt=40 run=2 -C bbr1
[fair_bench] bbr1 cell=10 bw=100 rtt=30 run=4/4 done (38/120)
[fair_bench] slot=15 bbr1 bw=100 rtt=40 run=3 -C bbr1
[fair_bench] bbr1 cell=10 bw=100 rtt=30 run=1/4 done (39/120)
[fair_bench] slot=19 bbr1 bw=100 rtt=40 run=4 -C bbr1
[fair_bench] bbr1 cell=10 bw=100 rtt=30 run=2/4 done (40/120)
[fair_bench] slot=17 bbr1 bw=20 rtt=50 run=1 -C bbr1
[fair_bench] bbr1 cell=11 bw=20 rtt=40 run=4/4 done (41/120)
[fair_bench] slot=7 bbr1 bw=20 rtt=50 run=2 -C bbr1
[fair_bench] bbr1 cell=11 bw=20 rtt=40 run=1/4 done (42/120)
[fair_bench] slot=8 bbr1 bw=20 rtt=50 run=3 -C bbr1
[fair_bench] bbr1 cell=12 bw=40 rtt=40 run=1/4 done (43/120)
[fair_bench] slot=0 bbr1 bw=20 rtt=50 run=4 -C bbr1
[fair_bench] bbr1 cell=11 bw=20 rtt=40 run=2/4 done (44/120)
[fair_bench] bbr1 cell=12 bw=40 rtt=40 run=3/4 done (45/120)
[fair_bench] slot=4 bbr1 bw=40 rtt=50 run=1 -C bbr1
[fair_bench] slot=5 bbr1 bw=40 rtt=50 run=2 -C bbr1
[fair_bench] bbr1 cell=11 bw=20 rtt=40 run=3/4 done (46/120)
[fair_bench] slot=9 bbr1 bw=40 rtt=50 run=3 -C bbr1
[fair_bench] bbr1 cell=12 bw=40 rtt=40 run=4/4 done (47/120)
[fair_bench] slot=3 bbr1 bw=40 rtt=50 run=4 -C bbr1
[fair_bench] bbr1 cell=12 bw=40 rtt=40 run=2/4 done (48/120)
[fair_bench] slot=1 bbr1 bw=60 rtt=50 run=1 -C bbr1
[fair_bench] bbr1 cell=13 bw=60 rtt=40 run=1/4 done (49/120)
[fair_bench] slot=10 bbr1 bw=60 rtt=50 run=2 -C bbr1
[fair_bench] bbr1 cell=13 bw=60 rtt=40 run=2/4 done (50/120)
[fair_bench] slot=2 bbr1 bw=60 rtt=50 run=3 -C bbr1
[fair_bench] bbr1 cell=13 bw=60 rtt=40 run=3/4 done (51/120)
[fair_bench] slot=16 bbr1 bw=60 rtt=50 run=4 -C bbr1
[fair_bench] bbr1 cell=13 bw=60 rtt=40 run=4/4 done (52/120)
[fair_bench] slot=14 bbr1 bw=80 rtt=50 run=1 -C bbr1
[fair_bench] bbr1 cell=14 bw=80 rtt=40 run=2/4 done (53/120)
[fair_bench] slot=12 bbr1 bw=80 rtt=50 run=2 -C bbr1
[fair_bench] bbr1 cell=14 bw=80 rtt=40 run=1/4 done (54/120)
[fair_bench] slot=13 bbr1 bw=80 rtt=50 run=3 -C bbr1
[fair_bench] bbr1 cell=14 bw=80 rtt=40 run=4/4 done (55/120)
[fair_bench] slot=6 bbr1 bw=80 rtt=50 run=4 -C bbr1
[fair_bench] bbr1 cell=14 bw=80 rtt=40 run=3/4 done (56/120)
[fair_bench] slot=18 bbr1 bw=100 rtt=50 run=1 -C bbr1
[fair_bench] bbr1 cell=15 bw=100 rtt=40 run=2/4 done (57/120)
[fair_bench] slot=11 bbr1 bw=100 rtt=50 run=2 -C bbr1
[fair_bench] bbr1 cell=15 bw=100 rtt=40 run=1/4 done (58/120)
[fair_bench] slot=15 bbr1 bw=100 rtt=50 run=3 -C bbr1
[fair_bench] bbr1 cell=15 bw=100 rtt=40 run=3/4 done (59/120)
[fair_bench] slot=19 bbr1 bw=100 rtt=50 run=4 -C bbr1
[fair_bench] bbr1 cell=15 bw=100 rtt=40 run=4/4 done (60/120)
[fair_bench] slot=7 bbr1 bw=20 rtt=60 run=1 -C bbr1
[fair_bench] bbr1 cell=16 bw=20 rtt=50 run=2/4 done (61/120)
[fair_bench] slot=17 bbr1 bw=20 rtt=60 run=2 -C bbr1
[fair_bench] bbr1 cell=16 bw=20 rtt=50 run=1/4 done (62/120)
[fair_bench] slot=8 bbr1 bw=20 rtt=60 run=3 -C bbr1
[fair_bench] bbr1 cell=16 bw=20 rtt=50 run=3/4 done (63/120)
[fair_bench] slot=16 bbr1 bw=20 rtt=60 run=4 -C bbr1
[fair_bench] bbr1 cell=18 bw=60 rtt=50 run=4/4 done (64/120)
[fair_bench] slot=5 bbr1 bw=40 rtt=60 run=1 -C bbr1
[fair_bench] bbr1 cell=17 bw=40 rtt=50 run=2/4 done (65/120)
[fair_bench] slot=0 bbr1 bw=40 rtt=60 run=2 -C bbr1
[fair_bench] bbr1 cell=16 bw=20 rtt=50 run=4/4 done (66/120)
[fair_bench] slot=3 bbr1 bw=40 rtt=60 run=3 -C bbr1
[fair_bench] bbr1 cell=17 bw=40 rtt=50 run=4/4 done (67/120)
[fair_bench] slot=9 bbr1 bw=40 rtt=60 run=4 -C bbr1
[fair_bench] bbr1 cell=17 bw=40 rtt=50 run=3/4 done (68/120)
[fair_bench] slot=2 bbr1 bw=60 rtt=60 run=1 -C bbr1
[fair_bench] bbr1 cell=18 bw=60 rtt=50 run=3/4 done (69/120)
[fair_bench] slot=1 bbr1 bw=60 rtt=60 run=2 -C bbr1
[fair_bench] bbr1 cell=18 bw=60 rtt=50 run=1/4 done (70/120)
[fair_bench] slot=10 bbr1 bw=60 rtt=60 run=3 -C bbr1
[fair_bench] bbr1 cell=18 bw=60 rtt=50 run=2/4 done (71/120)
[fair_bench] slot=14 bbr1 bw=60 rtt=60 run=4 -C bbr1
[fair_bench] bbr1 cell=19 bw=80 rtt=50 run=1/4 done (72/120)
[fair_bench] slot=4 bbr1 bw=80 rtt=60 run=1 -C bbr1
[fair_bench] bbr1 cell=17 bw=40 rtt=50 run=1/4 done (73/120)
[fair_bench] slot=12 bbr1 bw=80 rtt=60 run=2 -C bbr1
[fair_bench] bbr1 cell=19 bw=80 rtt=50 run=2/4 done (74/120)
[fair_bench] slot=13 bbr1 bw=80 rtt=60 run=3 -C bbr1
[fair_bench] bbr1 cell=19 bw=80 rtt=50 run=3/4 done (75/120)
[fair_bench] bbr1 cell=19 bw=80 rtt=50 run=4/4 done (76/120)
[fair_bench] slot=6 bbr1 bw=80 rtt=60 run=4 -C bbr1
[fair_bench] slot=18 bbr1 bw=100 rtt=60 run=1 -C bbr1
[fair_bench] bbr1 cell=20 bw=100 rtt=50 run=1/4 done (77/120)
[fair_bench] bbr1 cell=20 bw=100 rtt=50 run=2/4 done (78/120)
[fair_bench] slot=11 bbr1 bw=100 rtt=60 run=2 -C bbr1
[fair_bench] slot=19 bbr1 bw=100 rtt=60 run=3 -C bbr1
[fair_bench] bbr1 cell=20 bw=100 rtt=50 run=4/4 done (79/120)
[fair_bench] slot=15 bbr1 bw=100 rtt=60 run=4 -C bbr1
[fair_bench] bbr1 cell=20 bw=100 rtt=50 run=3/4 done (80/120)
[fair_bench] slot=8 bbr1 bw=20 rtt=70 run=1 -C bbr1
[fair_bench] bbr1 cell=21 bw=20 rtt=60 run=3/4 done (81/120)
[fair_bench] slot=7 bbr1 bw=20 rtt=70 run=2 -C bbr1
[fair_bench] bbr1 cell=21 bw=20 rtt=60 run=1/4 done (82/120)
[fair_bench] slot=17 bbr1 bw=20 rtt=70 run=3 -C bbr1
[fair_bench] bbr1 cell=21 bw=20 rtt=60 run=2/4 done (83/120)
[fair_bench] slot=16 bbr1 bw=20 rtt=70 run=4 -C bbr1
[fair_bench] bbr1 cell=21 bw=20 rtt=60 run=4/4 done (84/120)
[fair_bench] slot=0 bbr1 bw=40 rtt=70 run=1 -C bbr1
[fair_bench] bbr1 cell=22 bw=40 rtt=60 run=2/4 done (85/120)
[fair_bench] slot=5 bbr1 bw=40 rtt=70 run=2 -C bbr1
[fair_bench] bbr1 cell=22 bw=40 rtt=60 run=1/4 done (86/120)
[fair_bench] slot=3 bbr1 bw=40 rtt=70 run=3 -C bbr1
[fair_bench] bbr1 cell=22 bw=40 rtt=60 run=3/4 done (87/120)
[fair_bench] bbr1 cell=22 bw=40 rtt=60 run=4/4 done (88/120)
[fair_bench] slot=9 bbr1 bw=40 rtt=70 run=4 -C bbr1
[fair_bench] slot=2 bbr1 bw=60 rtt=70 run=1 -C bbr1
[fair_bench] bbr1 cell=23 bw=60 rtt=60 run=1/4 done (89/120)
[fair_bench] bbr1 cell=23 bw=60 rtt=60 run=4/4 done (90/120)
[fair_bench] slot=14 bbr1 bw=60 rtt=70 run=2 -C bbr1
[fair_bench] slot=4 bbr1 bw=60 rtt=70 run=3 -C bbr1
[fair_bench] bbr1 cell=24 bw=80 rtt=60 run=1/4 done (91/120)
[fair_bench] slot=1 bbr1 bw=60 rtt=70 run=4 -C bbr1
[fair_bench] bbr1 cell=23 bw=60 rtt=60 run=2/4 done (92/120)
[fair_bench] slot=10 bbr1 bw=80 rtt=70 run=1 -C bbr1
[fair_bench] bbr1 cell=23 bw=60 rtt=60 run=3/4 done (93/120)
[fair_bench] slot=12 bbr1 bw=80 rtt=70 run=2 -C bbr1
[fair_bench] bbr1 cell=24 bw=80 rtt=60 run=2/4 done (94/120)
[fair_bench] slot=13 bbr1 bw=80 rtt=70 run=3 -C bbr1
[fair_bench] bbr1 cell=24 bw=80 rtt=60 run=3/4 done (95/120)
[fair_bench] bbr1 cell=24 bw=80 rtt=60 run=4/4 done (96/120)
[fair_bench] slot=6 bbr1 bw=80 rtt=70 run=4 -C bbr1
[fair_bench] slot=18 bbr1 bw=100 rtt=70 run=1 -C bbr1
[fair_bench] bbr1 cell=25 bw=100 rtt=60 run=1/4 done (97/120)
[fair_bench] slot=11 bbr1 bw=100 rtt=70 run=2 -C bbr1
[fair_bench] bbr1 cell=25 bw=100 rtt=60 run=2/4 done (98/120)
[fair_bench] slot=19 bbr1 bw=100 rtt=70 run=3 -C bbr1
[fair_bench] bbr1 cell=25 bw=100 rtt=60 run=3/4 done (99/120)
[fair_bench] slot=15 bbr1 bw=100 rtt=70 run=4 -C bbr1
[fair_bench] bbr1 cell=25 bw=100 rtt=60 run=4/4 done (100/120)
[fair_bench] bbr1 cell=26 bw=20 rtt=70 run=2/4 done (101/120)
[fair_bench] bbr1 cell=26 bw=20 rtt=70 run=1/4 done (102/120)
[fair_bench] bbr1 cell=26 bw=20 rtt=70 run=3/4 done (103/120)
[fair_bench] bbr1 cell=27 bw=40 rtt=70 run=2/4 done (104/120)
[fair_bench] bbr1 cell=26 bw=20 rtt=70 run=4/4 done (105/120)
[fair_bench] bbr1 cell=27 bw=40 rtt=70 run=4/4 done (106/120)
[fair_bench] bbr1 cell=27 bw=40 rtt=70 run=1/4 done (107/120)
[fair_bench] bbr1 cell=27 bw=40 rtt=70 run=3/4 done (108/120)
[fair_bench] bbr1 cell=28 bw=60 rtt=70 run=2/4 done (109/120)
[fair_bench] bbr1 cell=28 bw=60 rtt=70 run=1/4 done (110/120)
[fair_bench] bbr1 cell=28 bw=60 rtt=70 run=3/4 done (111/120)
[fair_bench] bbr1 cell=29 bw=80 rtt=70 run=1/4 done (112/120)
[fair_bench] bbr1 cell=30 bw=100 rtt=70 run=1/4 done (113/120)
[fair_bench] bbr1 cell=29 bw=80 rtt=70 run=3/4 done (114/120)
[fair_bench] bbr1 cell=29 bw=80 rtt=70 run=4/4 done (115/120)
[fair_bench] bbr1 cell=29 bw=80 rtt=70 run=2/4 done (116/120)
[fair_bench] bbr1 cell=28 bw=60 rtt=70 run=4/4 done (117/120)
[fair_bench] bbr1 cell=30 bw=100 rtt=70 run=4/4 done (118/120)
[fair_bench] bbr1 cell=30 bw=100 rtt=70 run=2/4 done (119/120)
[fair_bench] bbr1 cell=30 bw=100 rtt=70 run=3/4 done (120/120)
[fair_bench] heatmap -> /its/home/mm2350/extra/Olympusv2/benchmarks/benchmark_fairness/data/bbr1/fairness_heatmap.pdf
[orch] runtime cleanup sweep
[fair_bench] slot=0 frcc bw=20 rtt=20 run=1 -C frcc
[fair_bench] slot=1 frcc bw=20 rtt=20 run=2 -C frcc
[fair_bench] slot=2 frcc bw=20 rtt=20 run=3 -C frcc
[fair_bench] slot=3 frcc bw=20 rtt=20 run=4 -C frcc
[fair_bench] slot=4 frcc bw=40 rtt=20 run=1 -C frcc
[fair_bench] slot=5 frcc bw=40 rtt=20 run=2 -C frcc
[fair_bench] slot=6 frcc bw=40 rtt=20 run=3 -C frcc
[fair_bench] slot=7 frcc bw=40 rtt=20 run=4 -C frcc
[fair_bench] slot=8 frcc bw=60 rtt=20 run=1 -C frcc
[fair_bench] slot=9 frcc bw=60 rtt=20 run=2 -C frcc
[fair_bench] slot=10 frcc bw=60 rtt=20 run=3 -C frcc
[fair_bench] slot=11 frcc bw=60 rtt=20 run=4 -C frcc
[fair_bench] slot=12 frcc bw=80 rtt=20 run=1 -C frcc
[fair_bench] slot=13 frcc bw=80 rtt=20 run=2 -C frcc
[fair_bench] slot=14 frcc bw=80 rtt=20 run=3 -C frcc
[fair_bench] slot=15 frcc bw=80 rtt=20 run=4 -C frcc
[fair_bench] slot=16 frcc bw=100 rtt=20 run=1 -C frcc
[fair_bench] slot=17 frcc bw=100 rtt=20 run=2 -C frcc
[fair_bench] slot=18 frcc bw=100 rtt=20 run=3 -C frcc
[fair_bench] slot=19 frcc bw=100 rtt=20 run=4 -C frcc
[fair_bench] slot=2 frcc bw=20 rtt=30 run=1 -C frcc
[fair_bench] frcc cell=1 bw=20 rtt=20 run=3/4 done (1/120)
[fair_bench] slot=0 frcc bw=20 rtt=30 run=2 -C frcc
[fair_bench] frcc cell=1 bw=20 rtt=20 run=1/4 done (2/120)
[fair_bench] slot=9 frcc bw=20 rtt=30 run=3 -C frcc
[fair_bench] frcc cell=3 bw=60 rtt=20 run=2/4 done (3/120)
[fair_bench] slot=1 frcc bw=20 rtt=30 run=4 -C frcc
[fair_bench] frcc cell=1 bw=20 rtt=20 run=2/4 done (4/120)
[fair_bench] slot=10 frcc bw=40 rtt=30 run=1 -C frcc
[fair_bench] frcc cell=3 bw=60 rtt=20 run=3/4 done (5/120)
[fair_bench] slot=7 frcc bw=40 rtt=30 run=2 -C frcc
[fair_bench] frcc cell=2 bw=40 rtt=20 run=4/4 done (6/120)
[fair_bench] slot=3 frcc bw=40 rtt=30 run=3 -C frcc
[fair_bench] frcc cell=1 bw=20 rtt=20 run=4/4 done (7/120)
[fair_bench] slot=4 frcc bw=40 rtt=30 run=4 -C frcc
[fair_bench] frcc cell=2 bw=40 rtt=20 run=1/4 done (8/120)
[fair_bench] slot=19 frcc bw=60 rtt=30 run=1 -C frcc
[fair_bench] frcc cell=5 bw=100 rtt=20 run=4/4 done (9/120)
[fair_bench] slot=14 frcc bw=60 rtt=30 run=2 -C frcc
[fair_bench] frcc cell=4 bw=80 rtt=20 run=3/4 done (10/120)
[fair_bench] slot=11 frcc bw=60 rtt=30 run=3 -C frcc
[fair_bench] frcc cell=3 bw=60 rtt=20 run=4/4 done (11/120)
[fair_bench] slot=8 frcc bw=60 rtt=30 run=4 -C frcc
[fair_bench] frcc cell=3 bw=60 rtt=20 run=1/4 done (12/120)
[fair_bench] slot=6 frcc bw=80 rtt=30 run=1 -C frcc
[fair_bench] frcc cell=2 bw=40 rtt=20 run=3/4 done (13/120)
[fair_bench] slot=17 frcc bw=80 rtt=30 run=2 -C frcc
[fair_bench] frcc cell=5 bw=100 rtt=20 run=2/4 done (14/120)
[fair_bench] frcc cell=4 bw=80 rtt=20 run=1/4 done (15/120)
[fair_bench] slot=12 frcc bw=80 rtt=30 run=3 -C frcc
[fair_bench] slot=16 frcc bw=80 rtt=30 run=4 -C frcc
[fair_bench] frcc cell=5 bw=100 rtt=20 run=1/4 done (16/120)
[fair_bench] slot=18 frcc bw=100 rtt=30 run=1 -C frcc
[fair_bench] frcc cell=5 bw=100 rtt=20 run=3/4 done (17/120)
[fair_bench] slot=13 frcc bw=100 rtt=30 run=2 -C frcc
[fair_bench] frcc cell=4 bw=80 rtt=20 run=2/4 done (18/120)
[fair_bench] slot=5 frcc bw=100 rtt=30 run=3 -C frcc
[fair_bench] frcc cell=2 bw=40 rtt=20 run=2/4 done (19/120)
[fair_bench] slot=15 frcc bw=100 rtt=30 run=4 -C frcc
[fair_bench] frcc cell=4 bw=80 rtt=20 run=4/4 done (20/120)
[fair_bench] slot=2 frcc bw=20 rtt=40 run=1 -C frcc
[fair_bench] frcc cell=6 bw=20 rtt=30 run=1/4 done (21/120)
[fair_bench] slot=1 frcc bw=20 rtt=40 run=2 -C frcc
[fair_bench] frcc cell=6 bw=20 rtt=30 run=4/4 done (22/120)
[fair_bench] slot=0 frcc bw=20 rtt=40 run=3 -C frcc
[fair_bench] frcc cell=6 bw=20 rtt=30 run=2/4 done (23/120)
[fair_bench] frcc cell=6 bw=20 rtt=30 run=3/4 done (24/120)
[fair_bench] slot=9 frcc bw=20 rtt=40 run=4 -C frcc
[fair_bench] slot=10 frcc bw=40 rtt=40 run=1 -C frcc
[fair_bench] frcc cell=7 bw=40 rtt=30 run=1/4 done (25/120)
[fair_bench] frcc cell=7 bw=40 rtt=30 run=2/4 done (26/120)
[fair_bench] slot=7 frcc bw=40 rtt=40 run=2 -C frcc
[fair_bench] slot=3 frcc bw=40 rtt=40 run=3 -C frcc
[fair_bench] frcc cell=7 bw=40 rtt=30 run=3/4 done (27/120)
[fair_bench] slot=19 frcc bw=40 rtt=40 run=4 -C frcc
[fair_bench] frcc cell=8 bw=60 rtt=30 run=1/4 done (28/120)
[fair_bench] slot=4 frcc bw=60 rtt=40 run=1 -C frcc
[fair_bench] frcc cell=7 bw=40 rtt=30 run=4/4 done (29/120)
[fair_bench] slot=14 frcc bw=60 rtt=40 run=2 -C frcc
[fair_bench] frcc cell=8 bw=60 rtt=30 run=2/4 done (30/120)
[fair_bench] slot=16 frcc bw=60 rtt=40 run=3 -C frcc
[fair_bench] frcc cell=9 bw=80 rtt=30 run=4/4 done (31/120)
[fair_bench] slot=12 frcc bw=60 rtt=40 run=4 -C frcc
[fair_bench] frcc cell=9 bw=80 rtt=30 run=3/4 done (32/120)
[fair_bench] slot=5 frcc bw=80 rtt=40 run=1 -C frcc
[fair_bench] frcc cell=10 bw=100 rtt=30 run=3/4 done (33/120)
[fair_bench] slot=17 frcc bw=80 rtt=40 run=2 -C frcc
[fair_bench] frcc cell=9 bw=80 rtt=30 run=2/4 done (34/120)
[fair_bench] slot=13 frcc bw=80 rtt=40 run=3 -C frcc
[fair_bench] frcc cell=10 bw=100 rtt=30 run=2/4 done (35/120)
[fair_bench] slot=18 frcc bw=80 rtt=40 run=4 -C frcc
[fair_bench] frcc cell=10 bw=100 rtt=30 run=1/4 done (36/120)
[fair_bench] slot=8 frcc bw=100 rtt=40 run=1 -C frcc
[fair_bench] frcc cell=8 bw=60 rtt=30 run=4/4 done (37/120)
[fair_bench] slot=6 frcc bw=100 rtt=40 run=2 -C frcc
[fair_bench] frcc cell=9 bw=80 rtt=30 run=1/4 done (38/120)
[fair_bench] slot=11 frcc bw=100 rtt=40 run=3 -C frcc
[fair_bench] frcc cell=8 bw=60 rtt=30 run=3/4 done (39/120)
[fair_bench] slot=15 frcc bw=100 rtt=40 run=4 -C frcc
[fair_bench] frcc cell=10 bw=100 rtt=30 run=4/4 done (40/120)
[fair_bench] slot=2 frcc bw=20 rtt=50 run=1 -C frcc
[fair_bench] frcc cell=11 bw=20 rtt=40 run=1/4 done (41/120)
[fair_bench] slot=7 frcc bw=20 rtt=50 run=2 -C frcc
[fair_bench] frcc cell=12 bw=40 rtt=40 run=2/4 done (42/120)
[fair_bench] slot=9 frcc bw=20 rtt=50 run=3 -C frcc
[fair_bench] frcc cell=11 bw=20 rtt=40 run=4/4 done (43/120)
[fair_bench] slot=0 frcc bw=20 rtt=50 run=4 -C frcc
[fair_bench] frcc cell=11 bw=20 rtt=40 run=3/4 done (44/120)
[fair_bench] frcc cell=13 bw=60 rtt=40 run=2/4 done (45/120)
[fair_bench] slot=14 frcc bw=40 rtt=50 run=1 -C frcc
[fair_bench] slot=10 frcc bw=40 rtt=50 run=2 -C frcc
[fair_bench] frcc cell=12 bw=40 rtt=40 run=1/4 done (46/120)
[fair_bench] frcc cell=12 bw=40 rtt=40 run=3/4 done (47/120)
[fair_bench] slot=3 frcc bw=40 rtt=50 run=3 -C frcc
[fair_bench] slot=4 frcc bw=40 rtt=50 run=4 -C frcc
[fair_bench] frcc cell=13 bw=60 rtt=40 run=1/4 done (48/120)
[fair_bench] slot=19 frcc bw=60 rtt=50 run=1 -C frcc
[fair_bench] frcc cell=12 bw=40 rtt=40 run=4/4 done (49/120)
[fair_bench] slot=1 frcc bw=60 rtt=50 run=2 -C frcc
[fair_bench] frcc cell=11 bw=20 rtt=40 run=2/4 done (50/120)
[fair_bench] slot=16 frcc bw=60 rtt=50 run=3 -C frcc
[fair_bench] frcc cell=13 bw=60 rtt=40 run=3/4 done (51/120)
[fair_bench] slot=13 frcc bw=60 rtt=50 run=4 -C frcc
[fair_bench] frcc cell=14 bw=80 rtt=40 run=3/4 done (52/120)
[fair_bench] slot=18 frcc bw=80 rtt=50 run=1 -C frcc
[fair_bench] frcc cell=14 bw=80 rtt=40 run=4/4 done (53/120)
[fair_bench] slot=17 frcc bw=80 rtt=50 run=2 -C frcc
[fair_bench] frcc cell=14 bw=80 rtt=40 run=2/4 done (54/120)
[fair_bench] slot=6 frcc bw=80 rtt=50 run=3 -C frcc
[fair_bench] frcc cell=15 bw=100 rtt=40 run=2/4 done (55/120)
[fair_bench] slot=12 frcc bw=80 rtt=50 run=4 -C frcc
[fair_bench] frcc cell=13 bw=60 rtt=40 run=4/4 done (56/120)
[fair_bench] slot=5 frcc bw=100 rtt=50 run=1 -C frcc
[fair_bench] frcc cell=14 bw=80 rtt=40 run=1/4 done (57/120)
[fair_bench] slot=15 frcc bw=100 rtt=50 run=2 -C frcc
[fair_bench] frcc cell=15 bw=100 rtt=40 run=4/4 done (58/120)
[fair_bench] slot=8 frcc bw=100 rtt=50 run=3 -C frcc
[fair_bench] frcc cell=15 bw=100 rtt=40 run=1/4 done (59/120)
[fair_bench] slot=11 frcc bw=100 rtt=50 run=4 -C frcc
[fair_bench] frcc cell=15 bw=100 rtt=40 run=3/4 done (60/120)
[fair_bench] slot=10 frcc bw=20 rtt=60 run=1 -C frcc
[fair_bench] frcc cell=17 bw=40 rtt=50 run=2/4 done (61/120)
[fair_bench] slot=2 frcc bw=20 rtt=60 run=2 -C frcc
[fair_bench] frcc cell=16 bw=20 rtt=50 run=1/4 done (62/120)
[fair_bench] slot=7 frcc bw=20 rtt=60 run=3 -C frcc
[fair_bench] frcc cell=16 bw=20 rtt=50 run=2/4 done (63/120)
[fair_bench] slot=4 frcc bw=20 rtt=60 run=4 -C frcc
[fair_bench] frcc cell=17 bw=40 rtt=50 run=4/4 done (64/120)
[fair_bench] slot=0 frcc bw=40 rtt=60 run=1 -C frcc
[fair_bench] frcc cell=16 bw=20 rtt=50 run=4/4 done (65/120)
[fair_bench] slot=3 frcc bw=40 rtt=60 run=2 -C frcc
[fair_bench] frcc cell=17 bw=40 rtt=50 run=3/4 done (66/120)
[fair_bench] slot=1 frcc bw=40 rtt=60 run=3 -C frcc
[fair_bench] frcc cell=18 bw=60 rtt=50 run=2/4 done (67/120)
[fair_bench] slot=19 frcc bw=40 rtt=60 run=4 -C frcc
[fair_bench] frcc cell=18 bw=60 rtt=50 run=1/4 done (68/120)
[fair_bench] slot=9 frcc bw=60 rtt=60 run=1 -C frcc
[fair_bench] frcc cell=16 bw=20 rtt=50 run=3/4 done (69/120)
[fair_bench] slot=14 frcc bw=60 rtt=60 run=2 -C frcc
[fair_bench] frcc cell=17 bw=40 rtt=50 run=1/4 done (70/120)
[fair_bench] slot=13 frcc bw=60 rtt=60 run=3 -C frcc
[fair_bench] frcc cell=18 bw=60 rtt=50 run=4/4 done (71/120)
[fair_bench] slot=16 frcc bw=60 rtt=60 run=4 -C frcc
[fair_bench] frcc cell=18 bw=60 rtt=50 run=3/4 done (72/120)
[fair_bench] slot=18 frcc bw=80 rtt=60 run=1 -C frcc
[fair_bench] frcc cell=19 bw=80 rtt=50 run=1/4 done (73/120)
[fair_bench] frcc cell=19 bw=80 rtt=50 run=4/4 done (74/120)
[fair_bench] slot=12 frcc bw=80 rtt=60 run=2 -C frcc
[fair_bench] slot=6 frcc bw=80 rtt=60 run=3 -C frcc
[fair_bench] frcc cell=19 bw=80 rtt=50 run=3/4 done (75/120)
[fair_bench] slot=15 frcc bw=80 rtt=60 run=4 -C frcc
[fair_bench] frcc cell=20 bw=100 rtt=50 run=2/4 done (76/120)
[fair_bench] frcc cell=20 bw=100 rtt=50 run=4/4 done (77/120)
[fair_bench] slot=11 frcc bw=100 rtt=60 run=1 -C frcc
[fair_bench] slot=17 frcc bw=100 rtt=60 run=2 -C frcc
[fair_bench] frcc cell=19 bw=80 rtt=50 run=2/4 done (78/120)
[fair_bench] slot=8 frcc bw=100 rtt=60 run=3 -C frcc
[fair_bench] frcc cell=20 bw=100 rtt=50 run=3/4 done (79/120)
[fair_bench] slot=5 frcc bw=100 rtt=60 run=4 -C frcc
[fair_bench] frcc cell=20 bw=100 rtt=50 run=1/4 done (80/120)
[fair_bench] slot=7 frcc bw=20 rtt=70 run=1 -C frcc
[fair_bench] frcc cell=21 bw=20 rtt=60 run=3/4 done (81/120)
[fair_bench] slot=2 frcc bw=20 rtt=70 run=2 -C frcc
[fair_bench] frcc cell=21 bw=20 rtt=60 run=2/4 done (82/120)
[fair_bench] slot=10 frcc bw=20 rtt=70 run=3 -C frcc
[fair_bench] frcc cell=21 bw=20 rtt=60 run=1/4 done (83/120)
[fair_bench] slot=3 frcc bw=20 rtt=70 run=4 -C frcc
[fair_bench] frcc cell=22 bw=40 rtt=60 run=2/4 done (84/120)
[fair_bench] slot=4 frcc bw=40 rtt=70 run=1 -C frcc
[fair_bench] frcc cell=21 bw=20 rtt=60 run=4/4 done (85/120)
[fair_bench] slot=9 frcc bw=40 rtt=70 run=2 -C frcc
[fair_bench] frcc cell=23 bw=60 rtt=60 run=1/4 done (86/120)
[fair_bench] slot=14 frcc bw=40 rtt=70 run=3 -C frcc
[fair_bench] frcc cell=23 bw=60 rtt=60 run=2/4 done (87/120)
[fair_bench] slot=13 frcc bw=40 rtt=70 run=4 -C frcc
[fair_bench] frcc cell=23 bw=60 rtt=60 run=3/4 done (88/120)
[fair_bench] slot=16 frcc bw=60 rtt=70 run=1 -C frcc
[fair_bench] frcc cell=23 bw=60 rtt=60 run=4/4 done (89/120)
[fair_bench] slot=18 frcc bw=60 rtt=70 run=2 -C frcc
[fair_bench] frcc cell=24 bw=80 rtt=60 run=1/4 done (90/120)
[fair_bench] slot=19 frcc bw=60 rtt=70 run=3 -C frcc
[fair_bench] frcc cell=22 bw=40 rtt=60 run=4/4 done (91/120)
[fair_bench] slot=1 frcc bw=60 rtt=70 run=4 -C frcc
[fair_bench] frcc cell=22 bw=40 rtt=60 run=3/4 done (92/120)
[fair_bench] slot=0 frcc bw=80 rtt=70 run=1 -C frcc
[fair_bench] frcc cell=22 bw=40 rtt=60 run=1/4 done (93/120)
[fair_bench] slot=12 frcc bw=80 rtt=70 run=2 -C frcc
[fair_bench] frcc cell=24 bw=80 rtt=60 run=2/4 done (94/120)
[fair_bench] slot=11 frcc bw=80 rtt=70 run=3 -C frcc
[fair_bench] frcc cell=25 bw=100 rtt=60 run=1/4 done (95/120)
[fair_bench] slot=17 frcc bw=80 rtt=70 run=4 -C frcc
[fair_bench] frcc cell=25 bw=100 rtt=60 run=2/4 done (96/120)
[fair_bench] slot=8 frcc bw=100 rtt=70 run=1 -C frcc
[fair_bench] frcc cell=25 bw=100 rtt=60 run=3/4 done (97/120)
[fair_bench] slot=5 frcc bw=100 rtt=70 run=2 -C frcc
[fair_bench] frcc cell=25 bw=100 rtt=60 run=4/4 done (98/120)
[fair_bench] slot=15 frcc bw=100 rtt=70 run=3 -C frcc
[fair_bench] frcc cell=24 bw=80 rtt=60 run=4/4 done (99/120)
[fair_bench] slot=6 frcc bw=100 rtt=70 run=4 -C frcc
[fair_bench] frcc cell=24 bw=80 rtt=60 run=3/4 done (100/120)
[fair_bench] frcc cell=26 bw=20 rtt=70 run=4/4 done (101/120)
[fair_bench] frcc cell=26 bw=20 rtt=70 run=3/4 done (102/120)
[fair_bench] frcc cell=26 bw=20 rtt=70 run=2/4 done (103/120)
[fair_bench] frcc cell=26 bw=20 rtt=70 run=1/4 done (104/120)
[fair_bench] frcc cell=27 bw=40 rtt=70 run=2/4 done (105/120)
[fair_bench] frcc cell=28 bw=60 rtt=70 run=2/4 done (106/120)
[fair_bench] frcc cell=28 bw=60 rtt=70 run=4/4 done (107/120)
[fair_bench] frcc cell=27 bw=40 rtt=70 run=1/4 done (108/120)
[fair_bench] frcc cell=28 bw=60 rtt=70 run=1/4 done (109/120)
[fair_bench] frcc cell=27 bw=40 rtt=70 run=4/4 done (110/120)
[fair_bench] frcc cell=29 bw=80 rtt=70 run=1/4 done (111/120)
[fair_bench] frcc cell=28 bw=60 rtt=70 run=3/4 done (112/120)
[fair_bench] frcc cell=27 bw=40 rtt=70 run=3/4 done (113/120)
[fair_bench] frcc cell=29 bw=80 rtt=70 run=2/4 done (114/120)
[fair_bench] frcc cell=30 bw=100 rtt=70 run=2/4 done (115/120)
[fair_bench] frcc cell=29 bw=80 rtt=70 run=4/4 done (116/120)
[fair_bench] frcc cell=30 bw=100 rtt=70 run=1/4 done (117/120)
[fair_bench] frcc cell=29 bw=80 rtt=70 run=3/4 done (118/120)
[fair_bench] frcc cell=30 bw=100 rtt=70 run=3/4 done (119/120)
[fair_bench] frcc cell=30 bw=100 rtt=70 run=4/4 done (120/120)
[fair_bench] heatmap -> /its/home/mm2350/extra/Olympusv2/benchmarks/benchmark_fairness/data/frcc/fairness_heatmap.pdf
[orch] runtime cleanup sweep
[fair_bench] heatmap -> /its/home/mm2350/extra/Olympusv2/benchmarks/benchmark_fairness/data/bbr/fairness_heatmap.pdf
[fair_bench] heatmap -> /its/home/mm2350/extra/Olympusv2/benchmarks/benchmark_fairness/data/bbr1/fairness_heatmap.pdf
[fair_bench] heatmap -> /its/home/mm2350/extra/Olympusv2/benchmarks/benchmark_fairness/data/cubic/fairness_heatmap.pdf
[fair_bench] heatmap -> /its/home/mm2350/extra/Olympusv2/benchmarks/benchmark_fairness/data/frcc/fairness_heatmap.pdf
[fair_bench] heatmap -> /its/home/mm2350/extra/Olympusv2/benchmarks/benchmark_fairness/data/ma_dreamer_20260609-022904/fairness_heatmap.pdf
[fair_bench] heatmap -> /its/home/mm2350/extra/Olympusv2/benchmarks/benchmark_fairness/data/sa_dreamer_20260521-145020/fairness_heatmap.pdf
[fair_bench] heatmap -> /its/home/mm2350/extra/Olympusv2/benchmarks/benchmark_fairness/data/self_play_dreamer_20260525-152636/fairness_heatmap.pdf
[fair_bench] heatmap -> /its/home/mm2350/extra/Olympusv2/benchmarks/benchmark_fairness/data/fairness_heatmap.pdf
[fair_bench] replotted rows=840 total_rows=840 individual_plots=840 approach_heatmaps=7
[fair_bench] done metrics=/its/home/mm2350/extra/Olympusv2/benchmarks/benchmark_fairness/data/metrics.csv
