[resp_bench] output_root=/its/home/mm2350/extra/Olympusv2/benchmarks/benchmark_responsiveness/data
[resp_bench] benchmark=random_bw_rtt_15s_300s runs=50
[resp_bench] n_parallel=1
[resp_bench] approaches_to_run=cubic, bbr, bbr1, frcc
[resp_bench] slot=0 cubic run=1 seed=1 -C cubic
[resp_bench] link change t=15.0s bw=18 delay=42
[resp_bench] link change t=30.0s bw=25 delay=73
[resp_bench] link change t=45.0s bw=67 delay=70
[resp_bench] link change t=60.0s bw=93 delay=58
[resp_bench] link change t=75.0s bw=36 delay=22
[resp_bench] link change t=90.0s bw=72 delay=13
[resp_bench] link change t=105.0s bw=59 delay=65
[resp_bench] link change t=120.0s bw=87 delay=10
[resp_bench] link change t=135.0s bw=99 delay=67
[resp_bench] link change t=150.0s bw=44 delay=39
[resp_bench] link change t=165.0s bw=85 delay=23
[resp_bench] link change t=180.0s bw=50 delay=13
[resp_bench] link change t=195.0s bw=12 delay=13
[resp_bench] link change t=210.0s bw=93 delay=79
[resp_bench] link change t=225.0s bw=11 delay=58
[resp_bench] link change t=240.0s bw=97 delay=37
[resp_bench] link change t=255.0s bw=64 delay=13
[resp_bench] link change t=270.0s bw=77 delay=38
[resp_bench] link change t=285.0s bw=66 delay=73
[resp_bench] slot=0 cubic run=2 seed=2 -C cubic
[resp_bench] cubic run=1/50 done (1/50)
[resp_bench] link change t=15.0s bw=20 delay=56
[resp_bench] link change t=30.0s bw=31 delay=95
[resp_bench] link change t=45.0s bw=49 delay=42
[resp_bench] link change t=60.0s bw=87 delay=37
[resp_bench] link change t=75.0s bw=87 delay=14
[resp_bench] link change t=90.0s bw=84 delay=97
[resp_bench] link change t=105.0s bw=30 delay=65
[resp_bench] link change t=120.0s bw=91 delay=60
[resp_bench] link change t=135.0s bw=75 delay=57
[resp_bench] link change t=150.0s bw=79 delay=66
[resp_bench] link change t=165.0s bw=74 delay=44
[resp_bench] link change t=180.0s bw=14 delay=13
[resp_bench] link change t=195.0s bw=56 delay=69
[resp_bench] link change t=210.0s bw=50 delay=58
[resp_bench] link change t=225.0s bw=64 delay=77
[resp_bench] link change t=240.0s bw=31 delay=81
[resp_bench] link change t=255.0s bw=32 delay=40
[resp_bench] link change t=270.0s bw=39 delay=13
[resp_bench] link change t=285.0s bw=32 delay=51
[resp_bench] slot=0 cubic run=3 seed=3 -C cubic
[resp_bench] cubic run=2/50 done (2/50)
[resp_bench] link change t=15.0s bw=79 delay=26
[resp_bench] link change t=30.0s bw=57 delay=87
[resp_bench] link change t=45.0s bw=70 delay=90
[resp_bench] link change t=60.0s bw=84 delay=18
[resp_bench] link change t=75.0s bw=87 delay=11
[resp_bench] link change t=90.0s bw=70 delay=43
[resp_bench] link change t=105.0s bw=80 delay=39
[resp_bench] link change t=120.0s bw=34 delay=70
[resp_bench] link change t=135.0s bw=79 delay=80
[resp_bench] link change t=150.0s bw=70 delay=60
[resp_bench] link change t=165.0s bw=91 delay=29
[resp_bench] link change t=180.0s bw=39 delay=91
[resp_bench] link change t=195.0s bw=29 delay=76
[resp_bench] link change t=210.0s bw=59 delay=11
[resp_bench] link change t=225.0s bw=95 delay=18
[resp_bench] link change t=240.0s bw=30 delay=85
[resp_bench] link change t=255.0s bw=15 delay=48
[resp_bench] link change t=270.0s bw=13 delay=44
