[conv4] output_root=/its/home/mm2350/extra/Olympusv2/benchmarks/benchmark_convergence_4flow/data
[conv4] benchmark=convergence_4flow_join25_stay100_175s duration=175s flows=4 runs=3 n_parallel=10
[conv4] flow_starts=0,25,50,75
[conv4] bw_grid=50,100  rtt_grid=20,50  (4 conditions, 12 trials/approach)
[conv4] approaches_to_run=cubic, bbr, bbr1, frcc
[conv4] slot=0 cubic bw=50 rtt=20 run=1 -C cubic
[conv4] slot=1 cubic bw=50 rtt=20 run=2 -C cubic
[conv4] slot=2 cubic bw=50 rtt=20 run=3 -C cubic
[conv4] slot=3 cubic bw=100 rtt=20 run=1 -C cubic
[conv4] slot=4 cubic bw=100 rtt=20 run=2 -C cubic
[conv4] slot=5 cubic bw=100 rtt=20 run=3 -C cubic
[conv4] slot=6 cubic bw=50 rtt=50 run=1 -C cubic
[conv4] slot=7 cubic bw=50 rtt=50 run=2 -C cubic
[conv4] slot=8 cubic bw=50 rtt=50 run=3 -C cubic
[conv4] slot=9 cubic bw=100 rtt=50 run=1 -C cubic
[conv4] slot=1 cubic bw=100 rtt=50 run=2 -C cubic
[conv4] cubic bw=50 rtt=20 run=2/3 done (1/12)
[conv4] cubic bw=100 rtt=20 run=2/3 done (2/12)
[conv4] slot=4 cubic bw=100 rtt=50 run=3 -C cubic
[conv4] cubic bw=100 rtt=20 run=1/3 done (3/12)
[conv4] cubic bw=50 rtt=20 run=3/3 done (4/12)
[conv4] cubic bw=100 rtt=50 run=1/3 done (5/12)
[conv4] cubic bw=50 rtt=20 run=1/3 done (6/12)
[conv4] cubic bw=50 rtt=50 run=3/3 done (7/12)
[conv4] cubic bw=50 rtt=50 run=2/3 done (8/12)
[conv4] cubic bw=50 rtt=50 run=1/3 done (9/12)
[conv4] cubic bw=100 rtt=20 run=3/3 done (10/12)
[conv4] cubic bw=100 rtt=50 run=2/3 done (11/12)
[conv4] cubic bw=100 rtt=50 run=3/3 done (12/12)
[orch] runtime cleanup sweep
[conv4] slot=0 bbr bw=50 rtt=20 run=1 -C bbr
[conv4] slot=1 bbr bw=50 rtt=20 run=2 -C bbr
[conv4] slot=2 bbr bw=50 rtt=20 run=3 -C bbr
[conv4] slot=3 bbr bw=100 rtt=20 run=1 -C bbr
[conv4] slot=4 bbr bw=100 rtt=20 run=2 -C bbr
[conv4] slot=5 bbr bw=100 rtt=20 run=3 -C bbr
[conv4] slot=6 bbr bw=50 rtt=50 run=1 -C bbr
[conv4] slot=7 bbr bw=50 rtt=50 run=2 -C bbr
[conv4] slot=8 bbr bw=50 rtt=50 run=3 -C bbr
[conv4] slot=9 bbr bw=100 rtt=50 run=1 -C bbr
[conv4] slot=7 bbr bw=100 rtt=50 run=2 -C bbr
[conv4] bbr bw=50 rtt=50 run=2/3 done (1/12)
[conv4] slot=0 bbr bw=100 rtt=50 run=3 -C bbr
[conv4] bbr bw=50 rtt=20 run=1/3 done (2/12)
[conv4] bbr bw=50 rtt=50 run=3/3 done (3/12)
[conv4] bbr bw=50 rtt=20 run=2/3 done (4/12)
[conv4] bbr bw=100 rtt=20 run=2/3 done (5/12)
[conv4] bbr bw=100 rtt=50 run=1/3 done (6/12)
[conv4] bbr bw=50 rtt=20 run=3/3 done (7/12)
[conv4] bbr bw=50 rtt=50 run=1/3 done (8/12)
[conv4] bbr bw=100 rtt=20 run=1/3 done (9/12)
[conv4] bbr bw=100 rtt=20 run=3/3 done (10/12)
[conv4] bbr bw=100 rtt=50 run=2/3 done (11/12)
[conv4] bbr bw=100 rtt=50 run=3/3 done (12/12)
[orch] runtime cleanup sweep
[conv4] slot=0 bbr1 bw=50 rtt=20 run=1 -C bbr1
[conv4] slot=1 bbr1 bw=50 rtt=20 run=2 -C bbr1
[conv4] slot=2 bbr1 bw=50 rtt=20 run=3 -C bbr1
[conv4] slot=3 bbr1 bw=100 rtt=20 run=1 -C bbr1
[conv4] slot=4 bbr1 bw=100 rtt=20 run=2 -C bbr1
[conv4] slot=5 bbr1 bw=100 rtt=20 run=3 -C bbr1
[conv4] slot=6 bbr1 bw=50 rtt=50 run=1 -C bbr1
[conv4] slot=7 bbr1 bw=50 rtt=50 run=2 -C bbr1
[conv4] slot=8 bbr1 bw=50 rtt=50 run=3 -C bbr1
[conv4] slot=9 bbr1 bw=100 rtt=50 run=1 -C bbr1
[conv4] slot=5 bbr1 bw=100 rtt=50 run=2 -C bbr1
[conv4] bbr1 bw=100 rtt=20 run=3/3 done (1/12)
[conv4] slot=7 bbr1 bw=100 rtt=50 run=3 -C bbr1
[conv4] bbr1 bw=50 rtt=50 run=2/3 done (2/12)
[conv4] bbr1 bw=50 rtt=20 run=2/3 done (3/12)
[conv4] bbr1 bw=100 rtt=20 run=1/3 done (4/12)
[conv4] bbr1 bw=100 rtt=20 run=2/3 done (5/12)
[conv4] bbr1 bw=100 rtt=50 run=1/3 done (6/12)
[conv4] bbr1 bw=50 rtt=20 run=1/3 done (7/12)
[conv4] bbr1 bw=50 rtt=20 run=3/3 done (8/12)
[conv4] bbr1 bw=50 rtt=50 run=3/3 done (9/12)
[conv4] bbr1 bw=50 rtt=50 run=1/3 done (10/12)
[conv4] bbr1 bw=100 rtt=50 run=2/3 done (11/12)
[conv4] bbr1 bw=100 rtt=50 run=3/3 done (12/12)
[orch] runtime cleanup sweep
[conv4] slot=0 frcc bw=50 rtt=20 run=1 -C frcc
[conv4] slot=1 frcc bw=50 rtt=20 run=2 -C frcc
[conv4] slot=2 frcc bw=50 rtt=20 run=3 -C frcc
[conv4] slot=3 frcc bw=100 rtt=20 run=1 -C frcc
[conv4] slot=4 frcc bw=100 rtt=20 run=2 -C frcc
[conv4] slot=5 frcc bw=100 rtt=20 run=3 -C frcc
[conv4] slot=6 frcc bw=50 rtt=50 run=1 -C frcc
[conv4] slot=7 frcc bw=50 rtt=50 run=2 -C frcc
[conv4] slot=8 frcc bw=50 rtt=50 run=3 -C frcc
[conv4] slot=9 frcc bw=100 rtt=50 run=1 -C frcc
[conv4] slot=3 frcc bw=100 rtt=50 run=2 -C frcc
[conv4] frcc bw=100 rtt=20 run=1/3 done (1/12)
[conv4] frcc bw=100 rtt=20 run=2/3 done (2/12)
[conv4] slot=4 frcc bw=100 rtt=50 run=3 -C frcc
[conv4] frcc bw=50 rtt=20 run=1/3 done (3/12)
[conv4] frcc bw=50 rtt=20 run=2/3 done (4/12)
[conv4] frcc bw=50 rtt=20 run=3/3 done (5/12)
[conv4] frcc bw=50 rtt=50 run=2/3 done (6/12)
[conv4] frcc bw=100 rtt=50 run=1/3 done (7/12)
[conv4] frcc bw=100 rtt=20 run=3/3 done (8/12)
[conv4] frcc bw=50 rtt=50 run=3/3 done (9/12)
[conv4] frcc bw=50 rtt=50 run=1/3 done (10/12)
[conv4] frcc bw=100 rtt=50 run=2/3 done (11/12)
[conv4] frcc bw=100 rtt=50 run=3/3 done (12/12)
[orch] runtime cleanup sweep
[conv4] summary -> /its/home/mm2350/extra/Olympusv2/benchmarks/benchmark_convergence_4flow/data/bbr/convergence_summary.pdf (4 panels: 1 approaches × conditions)
[conv4] efficiency -> /its/home/mm2350/extra/Olympusv2/benchmarks/benchmark_convergence_4flow/data/bbr/efficiency.pdf (1 approaches × 4 conditions)
[conv4] summary -> /its/home/mm2350/extra/Olympusv2/benchmarks/benchmark_convergence_4flow/data/bbr1/convergence_summary.pdf (4 panels: 1 approaches × conditions)
[conv4] efficiency -> /its/home/mm2350/extra/Olympusv2/benchmarks/benchmark_convergence_4flow/data/bbr1/efficiency.pdf (1 approaches × 4 conditions)
[conv4] summary -> /its/home/mm2350/extra/Olympusv2/benchmarks/benchmark_convergence_4flow/data/cubic/convergence_summary.pdf (4 panels: 1 approaches × conditions)
[conv4] efficiency -> /its/home/mm2350/extra/Olympusv2/benchmarks/benchmark_convergence_4flow/data/cubic/efficiency.pdf (1 approaches × 4 conditions)
[conv4] summary -> /its/home/mm2350/extra/Olympusv2/benchmarks/benchmark_convergence_4flow/data/frcc/convergence_summary.pdf (4 panels: 1 approaches × conditions)
[conv4] efficiency -> /its/home/mm2350/extra/Olympusv2/benchmarks/benchmark_convergence_4flow/data/frcc/efficiency.pdf (1 approaches × 4 conditions)
[conv4] summary -> /its/home/mm2350/extra/Olympusv2/benchmarks/benchmark_convergence_4flow/data/ma_dreamer_20260609-022904/convergence_summary.pdf (4 panels: 1 approaches × conditions)
[conv4] efficiency -> /its/home/mm2350/extra/Olympusv2/benchmarks/benchmark_convergence_4flow/data/ma_dreamer_20260609-022904/efficiency.pdf (1 approaches × 4 conditions)
[conv4] summary -> /its/home/mm2350/extra/Olympusv2/benchmarks/benchmark_convergence_4flow/data/sa_dreamer_20260521-145020/convergence_summary.pdf (4 panels: 1 approaches × conditions)
[conv4] efficiency -> /its/home/mm2350/extra/Olympusv2/benchmarks/benchmark_convergence_4flow/data/sa_dreamer_20260521-145020/efficiency.pdf (1 approaches × 4 conditions)
[conv4] summary -> /its/home/mm2350/extra/Olympusv2/benchmarks/benchmark_convergence_4flow/data/self_play_dreamer_20260525-152636/convergence_summary.pdf (4 panels: 1 approaches × conditions)
[conv4] efficiency -> /its/home/mm2350/extra/Olympusv2/benchmarks/benchmark_convergence_4flow/data/self_play_dreamer_20260525-152636/efficiency.pdf (1 approaches × 4 conditions)
[conv4] summary -> /its/home/mm2350/extra/Olympusv2/benchmarks/benchmark_convergence_4flow/data/convergence_summary.pdf (28 panels: 7 approaches × conditions)
[conv4] efficiency -> /its/home/mm2350/extra/Olympusv2/benchmarks/benchmark_convergence_4flow/data/efficiency.pdf (7 approaches × 4 conditions)
[conv4] replotted rows=84 total_rows=84 individual_plots=84
[conv4] done metrics=/its/home/mm2350/extra/Olympusv2/benchmarks/benchmark_convergence_4flow/data/metrics.csv
