[resp_bench] output_root=/its/home/mm2350/extra/Olympusv2/benchmarks/benchmark_responsiveness/data
[resp_bench] benchmark=random_bw_rtt_15s_300s runs=50
[resp_bench] n_parallel=10
[resp_bench] skipping existing data=sa_dreamer_20260521-145020, self_play_dreamer_20260525-152636
[resp_bench] approaches_to_run=ma_dreamer_20260611-001404, ma_dreamer_second_try
[resp_bench] ma_dreamer_20260611-001404 config=/its/home/mm2350/extra/Olympusv2/olympus/models/ma_dreamer_20260611-001404/telemetry/config.resolved.yaml
[resp_bench] slot=4 ma_dreamer_20260611-001404 run=5 seed=5
[resp_bench] slot=2 ma_dreamer_20260611-001404 run=3 seed=3
[slot=4] ep=5  env=random_bw_rtt_15s_300s  bw=89Mbps  delay=42ms  duration=300s
[slot=2] ep=3  env=random_bw_rtt_15s_300s  bw=40Mbps  delay=85ms  duration=300s
[resp_bench] slot=3 ma_dreamer_20260611-001404 run=4 seed=4
[slot=3] ep=4  env=random_bw_rtt_15s_300s  bw=40Mbps  delay=48ms  duration=300s
[resp_bench] slot=0 ma_dreamer_20260611-001404 run=1 seed=1
[slot=0] ep=1  env=random_bw_rtt_15s_300s  bw=27Mbps  delay=82ms  duration=300s
[resp_bench] slot=6 ma_dreamer_20260611-001404 run=7 seed=7
[resp_bench] slot=9 ma_dreamer_20260611-001404 run=10 seed=10
[slot=6] ep=7  env=random_bw_rtt_15s_300s  bw=51Mbps  delay=29ms  duration=300s
[slot=9] ep=10  env=random_bw_rtt_15s_300s  bw=83Mbps  delay=14ms  duration=300s
[resp_bench] slot=5 ma_dreamer_20260611-001404 run=6 seed=6
[slot=5] ep=6  env=random_bw_rtt_15s_300s  bw=83Mbps  delay=20ms  duration=300s
[resp_bench] slot=1 ma_dreamer_20260611-001404 run=2 seed=2
[slot=1] ep=2  env=random_bw_rtt_15s_300s  bw=17Mbps  delay=21ms  duration=300s
[resp_bench] slot=8 ma_dreamer_20260611-001404 run=9 seed=9
[slot=8] ep=9  env=random_bw_rtt_15s_300s  bw=69Mbps  delay=88ms  duration=300s
[resp_bench] slot=7 ma_dreamer_20260611-001404 run=8 seed=8
[slot=7] ep=8  env=random_bw_rtt_15s_300s  bw=39Mbps  delay=57ms  duration=300s
[sao-listener] cport=23300 worker=/its/home/mm2350/extra/Olympusv2/olympus/algorithms/ma_dreamer/worker.py scan=20ms target_cc=astraea single_flow=1 no_state_pipe=1
[sao-listener] cport=23400 worker=/its/home/mm2350/extra/Olympusv2/olympus/algorithms/ma_dreamer/worker.py scan=20ms target_cc=astraea single_flow=1 no_state_pipe=1
[sao-listener] cport=23000 worker=/its/home/mm2350/extra/Olympusv2/olympus/algorithms/ma_dreamer/worker.py scan=20ms target_cc=astraea single_flow=1 no_state_pipe=1
[sao-listener] cport=23100 worker=/its/home/mm2350/extra/Olympusv2/olympus/algorithms/ma_dreamer/worker.py scan=20ms target_cc=astraea single_flow=1 no_state_pipe=1
[sao-listener] cport=23200 worker=/its/home/mm2350/extra/Olympusv2/olympus/algorithms/ma_dreamer/worker.py scan=20ms target_cc=astraea single_flow=1 no_state_pipe=1
[sao-listener] cport=23700 worker=/its/home/mm2350/extra/Olympusv2/olympus/algorithms/ma_dreamer/worker.py scan=20ms target_cc=astraea single_flow=1 no_state_pipe=1
[sao-listener] cport=23900 worker=/its/home/mm2350/extra/Olympusv2/olympus/algorithms/ma_dreamer/worker.py scan=20ms target_cc=astraea single_flow=1 no_state_pipe=1
[sao-listener] cport=23500 worker=/its/home/mm2350/extra/Olympusv2/olympus/algorithms/ma_dreamer/worker.py scan=20ms target_cc=astraea single_flow=1 no_state_pipe=1
[sao-listener] cport=23600 worker=/its/home/mm2350/extra/Olympusv2/olympus/algorithms/ma_dreamer/worker.py scan=20ms target_cc=astraea single_flow=1 no_state_pipe=1
[sao-listener] cport=23800 worker=/its/home/mm2350/extra/Olympusv2/olympus/algorithms/ma_dreamer/worker.py scan=20ms target_cc=astraea single_flow=1 no_state_pipe=1
[sao-listener] new flow 1 10.0.0.1:23500->10.0.0.2:5206 cc=astraea pid=521123 child=521661
[sao-listener] single-flow mode: attached worker; stopping ss scans
[sao-listener flow 1] cport=23500 cc=astraea worker active
[sao-listener] new flow 1 10.0.0.1:23900->10.0.0.2:5210 cc=astraea pid=521093 child=521804
[sao-listener] single-flow mode: attached worker; stopping ss scans
[sao-listener flow 1] cport=23900 cc=astraea worker active
[sao-listener] new flow 1 10.0.0.1:23600->10.0.0.2:5207 cc=astraea pid=521124 child=521918
[sao-listener] single-flow mode: attached worker; stopping ss scans
[sao-listener flow 1] cport=23600 cc=astraea worker active
[sao-listener] new flow 1 10.0.0.1:23400->10.0.0.2:5205 cc=astraea pid=521009 child=522665
[sao-listener] single-flow mode: attached worker; stopping ss scans
[sao-listener flow 1] cport=23400 cc=astraea worker active
[sao-listener] new flow 1 10.0.0.1:23300->10.0.0.2:5204 cc=astraea pid=521007 child=522715
[sao-listener] single-flow mode: attached worker; stopping ss scans
[sao-listener flow 1] cport=23300 cc=astraea worker active
[sao-listener] new flow 1 10.0.0.1:23100->10.0.0.2:5202 cc=astraea pid=521038 child=522777
[sao-listener] single-flow mode: attached worker; stopping ss scans
[sao-listener flow 1] cport=23100 cc=astraea worker active
[sao-listener] new flow 1 10.0.0.1:23200->10.0.0.2:5203 cc=astraea pid=521041 child=522831
[sao-listener] single-flow mode: attached worker; stopping ss scans
[sao-listener flow 1] cport=23200 cc=astraea worker active
[sao-listener] new flow 1 10.0.0.1:23000->10.0.0.2:5201 cc=astraea pid=521035 child=522896
[sao-listener] single-flow mode: attached worker; stopping ss scans
[sao-listener flow 1] cport=23000 cc=astraea worker active
[sao-listener] new flow 1 10.0.0.1:23700->10.0.0.2:5208 cc=astraea pid=521039 child=522945
[sao-listener] single-flow mode: attached worker; stopping ss scans
[sao-listener flow 1] cport=23700 cc=astraea worker active
[worker cport=23500 agent=0] loaded checkpoint step=58994
[worker alg=ma_dreamer reward=tempest_fairness_ma cport=23500 agent=0 group=slot0_ep6 flow=1] started interval=20ms det=1 latent=8x8
[worker cport=23600 agent=0] loaded checkpoint step=58994
[worker alg=ma_dreamer reward=tempest_fairness_ma cport=23600 agent=0 group=slot0_ep7 flow=1] started interval=20ms det=1 latent=8x8
[worker cport=23900 agent=0] loaded checkpoint step=58994
[worker alg=ma_dreamer reward=tempest_fairness_ma cport=23900 agent=0 group=slot0_ep10 flow=1] started interval=20ms det=1 latent=8x8
[sao-listener] new flow 1 10.0.0.1:23800->10.0.0.2:5209 cc=astraea pid=521177 child=523150
[sao-listener] single-flow mode: attached worker; stopping ss scans
[sao-listener flow 1] cport=23800 cc=astraea worker active
[worker cport=23400 agent=0] loaded checkpoint step=58994
[worker alg=ma_dreamer reward=tempest_fairness_ma cport=23400 agent=0 group=slot0_ep5 flow=1] started interval=20ms det=1 latent=8x8
[worker cport=23300 agent=0] loaded checkpoint step=58994
[worker alg=ma_dreamer reward=tempest_fairness_ma cport=23300 agent=0 group=slot0_ep4 flow=1] started interval=20ms det=1 latent=8x8
[worker cport=23100 agent=0] loaded checkpoint step=58994
[worker alg=ma_dreamer reward=tempest_fairness_ma cport=23100 agent=0 group=slot0_ep2 flow=1] started interval=20ms det=1 latent=8x8
[worker cport=23200 agent=0] loaded checkpoint step=58994
[worker alg=ma_dreamer reward=tempest_fairness_ma cport=23200 agent=0 group=slot0_ep3 flow=1] started interval=20ms det=1 latent=8x8
[worker cport=23000 agent=0] loaded checkpoint step=58994
[worker alg=ma_dreamer reward=tempest_fairness_ma cport=23000 agent=0 group=slot0_ep1 flow=1] started interval=20ms det=1 latent=8x8
[worker cport=23700 agent=0] loaded checkpoint step=58994
[worker alg=ma_dreamer reward=tempest_fairness_ma cport=23700 agent=0 group=slot0_ep8 flow=1] started interval=20ms det=1 latent=8x8
[worker cport=23800 agent=0] loaded checkpoint step=58994
[worker alg=ma_dreamer reward=tempest_fairness_ma cport=23800 agent=0 group=slot0_ep9 flow=1] started interval=20ms det=1 latent=8x8
[orch] link change t=15.0s bw=23 delay=60
[orch] link change t=15.0s bw=55 delay=98
[orch] link change t=15.0s bw=18 delay=42
[orch] link change t=15.0s bw=20 delay=56
[orch] link change t=15.0s bw=79 delay=26
[orch] link change t=15.0s bw=58 delay=26
[orch] link change t=15.0s bw=64 delay=71
[orch] link change t=15.0s bw=72 delay=43
[orch] link change t=15.0s bw=60 delay=93
[orch] link change t=15.0s bw=57 delay=44
[orch] link change t=30.0s bw=71 delay=29
[orch] link change t=30.0s bw=93 delay=77
[orch] link change t=30.0s bw=25 delay=73
[orch] link change t=30.0s bw=31 delay=95
[orch] link change t=30.0s bw=34 delay=100
[orch] link change t=30.0s bw=57 delay=87
[orch] link change t=30.0s bw=83 delay=11
[orch] link change t=30.0s bw=14 delay=10
[orch] link change t=30.0s bw=16 delay=19
[orch] link change t=30.0s bw=27 delay=33
[orch] link change t=45.0s bw=21 delay=18
[orch] link change t=45.0s bw=13 delay=69
[orch] link change t=45.0s bw=67 delay=70
[orch] link change t=45.0s bw=49 delay=42
[orch] link change t=45.0s bw=70 delay=90
[orch] link change t=45.0s bw=15 delay=20
[orch] link change t=45.0s bw=36 delay=69
[orch] link change t=45.0s bw=28 delay=94
[orch] link change t=45.0s bw=78 delay=22
[orch] link change t=45.0s bw=96 delay=10
[orch] link change t=60.0s bw=12 delay=61
[orch] link change t=60.0s bw=41 delay=93
[orch] link change t=60.0s bw=93 delay=58
[orch] link change t=60.0s bw=87 delay=37
[orch] link change t=60.0s bw=27 delay=41
[orch] link change t=60.0s bw=84 delay=18
[orch] link change t=60.0s bw=72 delay=45
[orch] link change t=60.0s bw=85 delay=70
[orch] link change t=60.0s bw=56 delay=84
[orch] link change t=60.0s bw=53 delay=74
[orch] link change t=75.0s bw=80 delay=47
[orch] link change t=75.0s bw=16 delay=30
[orch] link change t=75.0s bw=36 delay=22
[orch] link change t=75.0s bw=87 delay=14
[orch] link change t=75.0s bw=74 delay=36
[orch] link change t=75.0s bw=87 delay=11
[orch] link change t=75.0s bw=93 delay=30
[orch] link change t=75.0s bw=57 delay=50
[orch] link change t=75.0s bw=17 delay=74
[orch] link change t=75.0s bw=69 delay=87
[orch] link change t=90.0s bw=17 delay=38
[orch] link change t=90.0s bw=24 delay=57
[orch] link change t=90.0s bw=72 delay=13
[orch] link change t=90.0s bw=84 delay=97
[orch] link change t=90.0s bw=70 delay=43
[orch] link change t=90.0s bw=61 delay=92
[orch] link change t=90.0s bw=14 delay=76
[orch] link change t=90.0s bw=12 delay=44
[orch] link change t=90.0s bw=37 delay=14
[orch] link change t=90.0s bw=20 delay=52
[orch] link change t=105.0s bw=76 delay=78
[orch] link change t=105.0s bw=70 delay=41
[orch] link change t=105.0s bw=59 delay=65
[orch] link change t=105.0s bw=30 delay=65
[orch] link change t=105.0s bw=80 delay=39
[orch] link change t=105.0s bw=13 delay=68
[orch] link change t=105.0s bw=72 delay=51
[orch] link change t=105.0s bw=72 delay=35
[orch] link change t=105.0s bw=21 delay=65
[orch] link change t=105.0s bw=80 delay=88
[orch] link change t=120.0s bw=56 delay=45
[orch] link change t=120.0s bw=58 delay=79
[orch] link change t=120.0s bw=87 delay=10
[orch] link change t=120.0s bw=91 delay=60
[orch] link change t=120.0s bw=72 delay=68
[orch] link change t=120.0s bw=34 delay=70
[orch] link change t=120.0s bw=19 delay=41
[orch] link change t=120.0s bw=62 delay=78
[orch] link change t=120.0s bw=63 delay=18
[orch] link change t=120.0s bw=99 delay=15
[orch] link change t=135.0s bw=32 delay=23
[orch] link change t=135.0s bw=23 delay=83
[orch] link change t=135.0s bw=99 delay=67
[orch] link change t=135.0s bw=75 delay=57
[orch] link change t=135.0s bw=79 delay=80
[orch] link change t=135.0s bw=59 delay=73
[orch] link change t=135.0s bw=56 delay=15
[orch] link change t=135.0s bw=79 delay=97
[orch] link change t=135.0s bw=40 delay=21
[orch] link change t=135.0s bw=58 delay=31
[orch] link change t=150.0s bw=43 delay=37
[orch] link change t=150.0s bw=41 delay=11
[orch] link change t=150.0s bw=44 delay=39
[orch] link change t=150.0s bw=79 delay=66
[orch] link change t=150.0s bw=83 delay=34
[orch] link change t=150.0s bw=70 delay=60
[orch] link change t=150.0s bw=63 delay=27
[orch] link change t=150.0s bw=22 delay=34
[orch] link change t=150.0s bw=80 delay=64
[orch] link change t=150.0s bw=100 delay=67
[orch] link change t=165.0s bw=13 delay=92
[orch] link change t=165.0s bw=37 delay=62
[orch] link change t=165.0s bw=85 delay=23
[orch] link change t=165.0s bw=74 delay=44
[orch] link change t=165.0s bw=61 delay=21
[orch] link change t=165.0s bw=91 delay=29
[orch] link change t=165.0s bw=87 delay=55
[orch] link change t=165.0s bw=82 delay=80
[orch] link change t=165.0s bw=17 delay=82
[orch] link change t=165.0s bw=64 delay=30
[orch] link change t=180.0s bw=43 delay=44
[orch] link change t=180.0s bw=45 delay=33
[orch] link change t=180.0s bw=50 delay=13
[orch] link change t=180.0s bw=14 delay=13
[orch] link change t=180.0s bw=39 delay=91
[orch] link change t=180.0s bw=72 delay=39
[orch] link change t=180.0s bw=58 delay=63
[orch] link change t=180.0s bw=99 delay=43
[orch] link change t=180.0s bw=25 delay=38
[orch] link change t=180.0s bw=31 delay=40
[orch] link change t=195.0s bw=34 delay=31
[orch] link change t=195.0s bw=59 delay=30
[orch] link change t=195.0s bw=12 delay=13
[orch] link change t=195.0s bw=56 delay=69
[orch] link change t=195.0s bw=12 delay=99
[orch] link change t=195.0s bw=29 delay=76
[orch] link change t=195.0s bw=46 delay=96
[orch] link change t=195.0s bw=94 delay=88
[orch] link change t=195.0s bw=90 delay=90
[orch] link change t=195.0s bw=16 delay=24
[orch] link change t=210.0s bw=49 delay=47
[orch] link change t=210.0s bw=19 delay=27
[orch] link change t=210.0s bw=93 delay=79
[orch] link change t=210.0s bw=59 delay=11
[orch] link change t=210.0s bw=44 delay=76
[orch] link change t=210.0s bw=50 delay=58
[orch] link change t=210.0s bw=43 delay=68
[orch] link change t=210.0s bw=84 delay=17
[orch] link change t=210.0s bw=97 delay=21
[orch] link change t=210.0s bw=26 delay=74
[orch] link change t=225.0s bw=90 delay=57
[orch] link change t=225.0s bw=89 delay=89
[orch] link change t=225.0s bw=11 delay=58
[orch] link change t=225.0s bw=64 delay=77
[orch] link change t=225.0s bw=62 delay=70
[orch] link change t=225.0s bw=95 delay=18
[orch] link change t=225.0s bw=32 delay=97
[orch] link change t=225.0s bw=83 delay=84
[orch] link change t=225.0s bw=64 delay=52
[orch] link change t=225.0s bw=85 delay=18
[orch] link change t=240.0s bw=21 delay=87
[orch] link change t=240.0s bw=66 delay=26
[orch] link change t=240.0s bw=97 delay=37
[orch] link change t=240.0s bw=31 delay=81
[orch] link change t=240.0s bw=58 delay=24
[orch] link change t=240.0s bw=30 delay=85
[orch] link change t=240.0s bw=48 delay=94
[orch] link change t=240.0s bw=21 delay=56
[orch] link change t=240.0s bw=60 delay=16
[orch] link change t=240.0s bw=98 delay=59
[orch] link change t=255.0s bw=53 delay=95
[orch] link change t=255.0s bw=26 delay=10
[orch] link change t=255.0s bw=64 delay=13
[orch] link change t=255.0s bw=32 delay=40
[orch] link change t=255.0s bw=15 delay=48
[orch] link change t=255.0s bw=94 delay=43
[orch] link change t=255.0s bw=56 delay=27
[orch] link change t=255.0s bw=62 delay=42
[orch] link change t=255.0s bw=38 delay=15
[orch] link change t=255.0s bw=23 delay=47
